Archive member included because of file (symbol)

ym/mbed-hal-nrf51822-mcu/existing/mbed-hal-nrf51822-mcu.a(startup_nRF51822.S.obj)
                              (Reset_Handler)
ym/ble/source/ble.a(BLE.cpp.o)
                              source/CMakeFiles/rowbot.dir/home/tomas/Tests/yotta/rowbot/rowbot/source/main.cpp.o (BLE::init())
ym/ble-nrf51822/source/ble-nrf51822.a(nRF5xn.cpp.o)
                              ym/ble/source/ble.a(BLE.cpp.o) (createBLEInstance())
ym/ble-nrf51822/source/ble-nrf51822.a(nRF5xSecurityManager.cpp.o)
                              ym/ble-nrf51822/source/ble-nrf51822.a(nRF5xn.cpp.o) (nRF5xSecurityManager::getInstance())
ym/ble-nrf51822/source/ble-nrf51822.a(btle.cpp.o)
                              ym/ble-nrf51822/source/ble-nrf51822.a(nRF5xn.cpp.o) (btle_init)
ym/ble-nrf51822/source/ble-nrf51822.a(btle_discovery.cpp.o)
                              ym/ble-nrf51822/source/ble-nrf51822.a(btle.cpp.o) (bleGattcEventHandler(ble_evt_t const*))
ym/ble-nrf51822/source/ble-nrf51822.a(btle_security.cpp.o)
                              ym/ble-nrf51822/source/ble-nrf51822.a(nRF5xSecurityManager.cpp.o) (btle_initializeSecurity(bool, bool, SecurityManager::SecurityIOCapabilities_t, unsigned char const*))
ym/ble-nrf51822/source/ble-nrf51822.a(nRF5xGattClient.cpp.o)
                              ym/ble-nrf51822/source/ble-nrf51822.a(nRF5xn.cpp.o) (nRF5xGattClient::getInstance())
ym/ble-nrf51822/source/ble-nrf51822.a(btle_gap.cpp.o)
                              ym/ble-nrf51822/source/ble-nrf51822.a(btle.cpp.o) (btle_gap_init())
ym/ble-nrf51822/source/ble-nrf51822.a(nRF5xGap.cpp.o)
                              ym/ble-nrf51822/source/ble-nrf51822.a(nRF5xn.cpp.o) (nRF5xGap::getInstance())
ym/ble-nrf51822/source/ble-nrf51822.a(nRF5xServiceDiscovery.cpp.o)
                              ym/ble-nrf51822/source/ble-nrf51822.a(btle_discovery.cpp.o) (nRF5xServiceDiscovery::progressCharacteristicDiscovery())
ym/ble-nrf51822/source/ble-nrf51822.a(nRF5xGattServer.cpp.o)
                              ym/ble-nrf51822/source/ble-nrf51822.a(nRF5xn.cpp.o) (nRF5xGattServer::getInstance())
ym/ble-nrf51822/source/ble-nrf51822.a(softdevice_handler.c.o)
                              ym/ble-nrf51822/source/ble-nrf51822.a(btle.cpp.o) (intern_softdevice_events_execute)
ym/ble-nrf51822/source/ble-nrf51822.a(nRF5xDiscoveredCharacteristic.cpp.o)
                              ym/ble-nrf51822/source/ble-nrf51822.a(nRF5xServiceDiscovery.cpp.o) (nRF5xDiscoveredCharacteristic::setup(nRF5xGattClient*, unsigned short, ble_gatt_char_props_t, unsigned short, unsigned short))
ym/ble-nrf51822/source/ble-nrf51822.a(ble_radio_notification.c.o)
                              ym/ble-nrf51822/source/ble-nrf51822.a(nRF5xGap.cpp.o) (ble_radio_notification_init)
ym/ble-nrf51822/source/ble-nrf51822.a(device_manager_peripheral.c.o)
                              ym/ble-nrf51822/source/ble-nrf51822.a(btle_security.cpp.o) (dm_init)
ym/ble-nrf51822/source/ble-nrf51822.a(pstorage.c.o)
                              ym/ble-nrf51822/source/ble-nrf51822.a(btle.cpp.o) (pstorage_sys_event_handler)
ym/ble-nrf51822/source/ble-nrf51822.a(custom_helper.cpp.o)
                              ym/ble-nrf51822/source/ble-nrf51822.a(nRF5xGattServer.cpp.o) (custom_convert_to_nordic_uuid)
ym/ble/source/ble.a(GapScanningParams.cpp.o)
                              ym/ble-nrf51822/source/ble-nrf51822.a(nRF5xGap.cpp.o) (GapScanningParams::GapScanningParams(unsigned short, unsigned short, unsigned short, bool))
ym/mbed-drivers/source/mbed-drivers.a(error.c.o)
                              source/CMakeFiles/rowbot.dir/home/tomas/Tests/yotta/rowbot/rowbot/source/main.cpp.o (error)
ym/mbed-drivers/source/mbed-drivers.a(retarget.cpp.o)
                              ym/ble-nrf51822/source/ble-nrf51822.a(nRF5xGap.cpp.o) (__cxa_pure_virtual)
ym/mbed-drivers/source/mbed-drivers.a(gpio.c.o)
                              source/CMakeFiles/rowbot.dir/home/tomas/Tests/yotta/rowbot/rowbot/source/main.cpp.o (gpio_init_out_ex)
ym/mbed-drivers/source/mbed-drivers.a(FilePath.cpp.o)
                              ym/mbed-drivers/source/mbed-drivers.a(retarget.cpp.o) (mbed::FilePath::FilePath(char const*))
ym/mbed-drivers/source/mbed-drivers.a(exit.c.o)
                              /usr/bin/../lib/gcc/arm-none-eabi/4.9.3/../../../../arm-none-eabi/lib/armv6-m/crt0.o (exit)
ym/mbed-drivers/source/mbed-drivers.a(FileSystemLike.cpp.o)
                              ym/mbed-drivers/source/mbed-drivers.a(retarget.cpp.o) (mbed::FileSystemLike::opendir())
ym/mbed-drivers/source/mbed-drivers.a(FileBase.cpp.o)
                              ym/mbed-drivers/source/mbed-drivers.a(FileSystemLike.cpp.o) (mbed::FileBase::~FileBase())
ym/mbed-drivers/source/mbed-drivers.a(board.c.o)
                              ym/mbed-drivers/source/mbed-drivers.a(exit.c.o) (mbed_die)
ym/mbed-drivers/source/mbed-drivers.a(wait_api.c.o)
[...]
Memory Configuration

Name             Origin             Length             Attributes
FLASH            0x000000000001c000 0x0000000000024000 xr
RAM              0x0000000020002800 0x0000000000001800 xrw
*default*        0x0000000000000000 0xffffffffffffffff

Linker script and memory map

LOAD /usr/bin/../lib/gcc/arm-none-eabi/4.9.3/armv6-m/crti.o
LOAD /usr/bin/../lib/gcc/arm-none-eabi/4.9.3/armv6-m/crtbegin.o
LOAD /usr/bin/../lib/gcc/arm-none-eabi/4.9.3/../../../../arm-none-eabi/lib/armv6-m/crt0.o
START GROUP
LOAD source/CMakeFiles/rowbot.dir/home/tomas/Tests/yotta/rowbot/rowbot/source/main.cpp.o
LOAD ym/mbed-hal-nrf51822-mcu/existing/mbed-hal-nrf51822-mcu.a
LOAD ym/ble/source/ble.a
LOAD ym/ble-nrf51822/source/ble-nrf51822.a
LOAD ym/ble/source/ble.a
LOAD ym/ble-nrf51822/source/ble-nrf51822.a
LOAD ym/mbed-hal-nrf51822-mcu/existing/mbed-hal-nrf51822-mcu.a
LOAD ym/mbed-hal/source/mbed-hal.a
LOAD ym/mbed-hal-nordic/yotta_dummy_lib_mbed_hal_nordic/mbed-hal-nordic.a
LOAD ym/mbed-hal-blenano/source/mbed-hal-blenano.a
LOAD ym/mbed-drivers/source/mbed-drivers.a
LOAD ym/minar/source/minar.a
LOAD ym/core-util/source/core-util.a
LOAD ym/minar-platform/yotta_dummy_lib_minar_platform/minar-platform.a
LOAD ym/minar-platform-mbed/source/minar-platform-mbed.a
LOAD ym/mbed-hal-nrf51822-mcu/existing/mbed-hal-nrf51822-mcu.a
LOAD ym/mbed-hal/source/mbed-hal.a
LOAD ym/mbed-hal-nordic/yotta_dummy_lib_mbed_hal_nordic/mbed-hal-nordic.a
LOAD ym/mbed-hal-blenano/source/mbed-hal-blenano.a
LOAD ym/mbed-drivers/source/mbed-drivers.a
LOAD ym/minar/source/minar.a
LOAD ym/core-util/source/core-util.a
LOAD ym/minar-platform/yotta_dummy_lib_minar_platform/minar-platform.a
LOAD ym/minar-platform-mbed/source/minar-platform-mbed.a
LOAD ym/compiler-polyfill/yotta_dummy_lib_compiler_polyfill/compiler-polyfill.a
LOAD ym/ualloc/source/ualloc.a
LOAD ym/dlmalloc/source/dlmalloc.a
LOAD ym/cmsis-core/source/cmsis-core.a
LOAD ym/cmsis-core-nordic/yotta_dummy_lib_cmsis_core_nordic/cmsis-core-nordic.a
LOAD ym/cmsis-core-nrf51822/source/cmsis-core-nrf51822.a
LOAD ym/cmsis-core/source/cmsis-core.a
LOAD ym/cmsis-core-nordic/yotta_dummy_lib_cmsis_core_nordic/cmsis-core-nordic.a
LOAD ym/cmsis-core-nrf51822/source/cmsis-core-nrf51822.a
LOAD /usr/bin/../lib/gcc/arm-none-eabi/4.9.3/../../../../arm-none-eabi/lib/armv6-m/libstdc++_nano.a
LOAD /usr/bin/../lib/gcc/arm-none-eabi/4.9.3/../../../../arm-none-eabi/lib/armv6-m/libsupc++_nano.a
LOAD /usr/bin/../lib/gcc/arm-none-eabi/4.9.3/armv6-m/libgcc.a
LOAD /usr/bin/../lib/gcc/arm-none-eabi/4.9.3/../../../../arm-none-eabi/lib/armv6-m/libstdc++_nano.a
LOAD /usr/bin/../lib/gcc/arm-none-eabi/4.9.3/../../../../arm-none-eabi/lib/armv6-m/libsupc++_nano.a
LOAD /usr/bin/../lib/gcc/arm-none-eabi/4.9.3/../../../../arm-none-eabi/lib/armv6-m/libm.a
LOAD /usr/bin/../lib/gcc/arm-none-eabi/4.9.3/../../../../arm-none-eabi/lib/armv6-m/libc_nano.a
LOAD /usr/bin/../lib/gcc/arm-none-eabi/4.9.3/armv6-m/libgcc.a
END GROUP
LOAD /usr/bin/../lib/gcc/arm-none-eabi/4.9.3/../../../../arm-none-eabi/lib/armv6-m/libstdc++_nano.a
LOAD /usr/bin/../lib/gcc/arm-none-eabi/4.9.3/../../../../arm-none-eabi/lib/armv6-m/libm.a
LOAD /usr/bin/../lib/gcc/arm-none-eabi/4.9.3/../../../../arm-none-eabi/lib/armv6-m/libc_nano.a
START GROUP
LOAD /usr/bin/../lib/gcc/arm-none-eabi/4.9.3/armv6-m/libgcc.a
LOAD /usr/bin/../lib/gcc/arm-none-eabi/4.9.3/../../../../arm-none-eabi/lib/armv6-m/libc_nano.a
END GROUP
START GROUP
LOAD /usr/bin/../lib/gcc/arm-none-eabi/4.9.3/armv6-m/libgcc.a
LOAD /usr/bin/../lib/gcc/arm-none-eabi/4.9.3/../../../../arm-none-eabi/lib/armv6-m/libc_nano.a
END GROUP
LOAD /usr/bin/../lib/gcc/arm-none-eabi/4.9.3/armv6-m/crtend.o
LOAD /usr/bin/../lib/gcc/arm-none-eabi/4.9.3/armv6-m/crtn.o

.text           0x000000000001c000     0x7f5c
 *(SORT(.Vectors))
 .Vectors       0x000000000001c000       0xc0 ym/mbed-hal-nrf51822-mcu/existing/mbed-hal-nrf51822-mcu.a(startup_nRF51822.S.obj)
                0x000000000001c000                __Vectors
 *(SORT(.text*))
 .text          0x000000000001c0c0       0x60 /usr/bin/../lib/gcc/arm-none-eabi/4.9.3/armv6-m/crtbegin.o
 .text          0x000000000001c120       0x78 /usr/bin/../lib/gcc/arm-none-eabi/4.9.3/../../../../arm-none-eabi/lib/armv6-m/crt0.o
                0x000000000001c120                _mainCRTStartup
                0x000000000001c120                _start
 .text._ZN4mbed4util19FunctionPointerBindIvED2Ev
                0x000000000001c198       0x18 source/CMakeFiles/rowbot.dir/home/tomas/Tests/yotta/rowbot/rowbot/source/main.cpp.o
                0x000000000001c198                mbed::util::FunctionPointerBind<void>::~FunctionPointerBind()
                0x000000000001c198                mbed::util::FunctionPointerBind<void>::~FunctionPointerBind()
 .text._ZN4mbed4util19FunctionPointerBindIvE5clearEv
                0x000000000001c1b0       0x20 source/CMakeFiles/rowbot.dir/home/tomas/Tests/yotta/rowbot/rowbot/source/main.cpp.o
                0x000000000001c1b0                mbed::util::FunctionPointerBind<void>::clear()
 .text._ZN3BLE3gapEv
                0x000000000001c1d0       0x20 source/CMakeFiles/rowbot.dir/home/tomas/Tests/yotta/rowbot/rowbot/source/main.cpp.o
                0x000000000001c1d0                BLE::gap()
 .text._ZN3BLE25updateCharacteristicValueEtPKhtb
                0x000000000001c1f0       0x3c source/CMakeFiles/rowbot.dir/home/tomas/Tests/yotta/rowbot/rowbot/source/main.cpp.o
                0x000000000001c1f0                BLE::updateCharacteristicValue(unsigned short, unsigned char const*, unsigned short, bool)
 .text._Z17updateSensorValuev
                0x000000000001c22c       0x60 source/CMakeFiles/rowbot.dir/home/tomas/Tests/yotta/rowbot/rowbot/source/main.cpp.o
                0x000000000001c22c                updateSensorValue()
 .text._ZN4mbed4util19FunctionPointerBindIvE4bindINS0_16FunctionPointer0IvE10arg_structEEERS2_PKNS0_19FunctionPointerBaseIvE6ArgOpsEPT_PS9_z
                0x000000000001c28c       0x60 source/CMakeFiles/rowbot.dir/home/tomas/Tests/yotta/rowbot/rowbot/source/main.cpp.o
                0x000000000001c28c                mbed::util::FunctionPointerBind<void>& mbed::util::FunctionPointerBind<void>::bind<mbed::util::FunctionPointer0<void>::arg_struct>(mbed::util::FunctionPointerBase<void>::ArgOps const*, mbed::util::FunctionPointer0<void>::arg_struct*, mbed::util::FunctionPointerBase<void>*, ...)
 .text._ZN5minar9Scheduler12postCallbackEPFvvE
                0x000000000001c2ec       0x64 source/CMakeFiles/rowbot.dir/home/tomas/Tests/yotta/rowbot/rowbot/source/main.cpp.o
                0x000000000001c2ec                minar::Scheduler::postCallback(void (*)())
 .text._Z13blinkCallbackv
                0x000000000001c350       0x58 source/CMakeFiles/rowbot.dir/home/tomas/Tests/yotta/rowbot/rowbot/source/main.cpp.o
                0x000000000001c350                blinkCallback()
 .text.app_start
                0x000000000001c3a8      0x128 source/CMakeFiles/rowbot.dir/home/tomas/Tests/yotta/rowbot/rowbot/source/main.cpp.o
                0x000000000001c3a8                app_start
 .text.startup._GLOBAL__sub_I_led1
                0x000000000001c4d0      0x148 source/CMakeFiles/rowbot.dir/home/tomas/Tests/yotta/rowbot/rowbot/source/main.cpp.o
 .text          0x000000000001c618       0x48 ym/mbed-hal-nrf51822-mcu/existing/mbed-hal-nrf51822-mcu.a(startup_nRF51822.S.obj)
                0x000000000001c618                Reset_Handler
                0x000000000001c654                NMI_Handler
                0x000000000001c656                HardFault_Handler
                0x000000000001c658                SVC_Handler
                0x000000000001c65a                PendSV_Handler
                0x000000000001c65c                SysTick_Handler
                0x000000000001c65e                TIMER2_IRQHandler
                0x000000000001c65e                SPI0_TWI0_IRQHandler
                0x000000000001c65e                RTC0_IRQHandler
                0x000000000001c65e                GPIOTE_IRQHandler
                0x000000000001c65e                POWER_CLOCK_IRQHandler
                0x000000000001c65e                RADIO_IRQHandler
                0x000000000001c65e                LPCOMP_IRQHandler
                0x000000000001c65e                SWI4_IRQHandler
                0x000000000001c65e                TEMP_IRQHandler
                0x000000000001c65e                QDEC_IRQHandler
                0x000000000001c65e                SWI5_IRQHandler
                0x000000000001c65e                TIMER0_IRQHandler
                0x000000000001c65e                SWI0_IRQHandler
                0x000000000001c65e                TIMER1_IRQHandler
                0x000000000001c65e                ECB_IRQHandler
                0x000000000001c65e                Default_Handler
                0x000000000001c65e                ADC_IRQHandler
                0x000000000001c65e                SWI3_IRQHandler
                0x000000000001c65e                CCM_AAR_IRQHandler
                0x000000000001c65e                WDT_IRQHandler
                0x000000000001c65e                RNG_IRQHandler
                0x000000000001c65e                SPI1_TWI1_IRQHandler
 .text._ZN3BLEC2Ej
                0x000000000001c660       0x28 ym/ble/source/ble.a(BLE.cpp.o)
                0x000000000001c660                BLE::BLE(unsigned int)
                0x000000000001c660                BLE::BLE(unsigned int)
 .text._ZN3BLE8InstanceEj
                0x000000000001c688       0x40 ym/ble/source/ble.a(BLE.cpp.o)
                0x000000000001c688                BLE::Instance(unsigned int)
 .text._ZN6nRF5xn10getVersionEv
                0x000000000001c6c8       0x68 ym/ble-nrf51822/source/ble-nrf51822.a(nRF5xn.cpp.o)
                0x000000000001c6c8                nRF5xn::getVersion()
 .text._Z17createBLEInstancev
                0x000000000001c730        0x8 ym/ble-nrf51822/source/ble-nrf51822.a(nRF5xn.cpp.o)
                0x000000000001c730                createBLEInstance()
 .text.startup._GLOBAL__sub_I__Z17createBLEInstancev
                0x000000000001c738       0x24 ym/ble-nrf51822/source/ble-nrf51822.a(nRF5xn.cpp.o)
 .text._ZN20nRF5xSecurityManager11getInstanceEv
                0x000000000001c75c       0x2c ym/ble-nrf51822/source/ble-nrf51822.a(nRF5xSecurityManager.cpp.o)
                0x000000000001c75c                nRF5xSecurityManager::getInstance()
 .text._ZL12btle_handlerP9ble_evt_t
                0x000000000001c788      0x198 ym/ble-nrf51822/source/ble-nrf51822.a(btle.cpp.o)
 .text.btle_init
                0x000000000001c920       0xa0 ym/ble-nrf51822/source/ble-nrf51822.a(btle.cpp.o)
                0x000000000001c920                btle_init
 .text.app_error_handler
                0x000000000001c9c0       0x20 ym/ble-nrf51822/source/ble-nrf51822.a(btle.cpp.o)
                0x000000000001c9c0                app_error_handler
 .text._ZL12eventHandlerv
                0x000000000001c9e0       0x6c ym/ble-nrf51822/source/ble-nrf51822.a(btle.cpp.o)
 .text._ZL10dm_handlerPK13device_handlePK10dm_event_tm
                0x000000000001ca4c       0xc0 ym/ble-nrf51822/source/ble-nrf51822.a(btle_security.cpp.o)
 .text._Z23btle_initializeSecuritybbN15SecurityManager24SecurityIOCapabilities_tEPKh
                0x000000000001cb0c       0xd4 ym/ble-nrf51822/source/ble-nrf51822.a(btle_security.cpp.o)
                0x000000000001cb0c                btle_initializeSecurity(bool, bool, SecurityManager::SecurityIOCapabilities_t, unsigned char const*)
 .text._Z25btle_purgeAllBondingStatev
                0x000000000001cbe0       0x24 ym/ble-nrf51822/source/ble-nrf51822.a(btle_security.cpp.o)
                0x000000000001cbe0                btle_purgeAllBondingState()
 .text._Z20btle_getLinkSecuritytPN15SecurityManager20LinkSecurityStatus_tE
                0x000000000001cc04       0x48 ym/ble-nrf51822/source/ble-nrf51822.a(btle_security.cpp.o)
                0x000000000001cc04                btle_getLinkSecurity(unsigned short, SecurityManager::LinkSecurityStatus_t*)
 .text._ZNK15nRF5xGattClient5writeEN10GattClient9WriteOp_tEttjPKh
                0x000000000001cc4c       0x40 ym/ble-nrf51822/source/ble-nrf51822.a(nRF5xGattClient.cpp.o)
                0x000000000001cc4c                nRF5xGattClient::write(GattClient::WriteOp_t, unsigned short, unsigned short, unsigned int, unsigned char const*) const
 .text._ZN21nRF5xServiceDiscovery6launchEtPFvPK17DiscoveredServiceEPFvPK24DiscoveredCharacteristicERK4UUIDSC_
                0x000000000001cc8c       0x78 ym/ble-nrf51822/source/ble-nrf51822.a(nRF5xGattClient.cpp.o)
                0x000000000001cc8c                nRF5xServiceDiscovery::launch(unsigned short, void (*)(DiscoveredService const*), void (*)(DiscoveredCharacteristic const*), UUID const&, UUID const&)
 .text._ZN15nRF5xGattClient11getInstanceEv
                0x000000000001cd04       0xc8 ym/ble-nrf51822/source/ble-nrf51822.a(nRF5xGattClient.cpp.o)
                0x000000000001cd04                nRF5xGattClient::getInstance()
 .text._Z13btle_gap_initv
                0x000000000001cdcc       0x54 ym/ble-nrf51822/source/ble-nrf51822.a(btle_gap.cpp.o)
                0x000000000001cdcc                btle_gap_init()
 .text._ZNK3Gap25getMaxAdvertisingIntervalEv
                0x000000000001ce20        0x8 ym/ble-nrf51822/source/ble-nrf51822.a(nRF5xGap.cpp.o)
                0x000000000001ce20                Gap::getMaxAdvertisingInterval() const
 .text._ZN8nRF5xGap16startAdvertisingERK20GapAdvertisingParams
                0x000000000001ce28       0x74 ym/ble-nrf51822/source/ble-nrf51822.a(nRF5xGap.cpp.o)
                0x000000000001ce28                nRF5xGap::startAdvertising(GapAdvertisingParams const&)
 .text._ZN8nRF5xGap7connectEPKhN3Gap13AddressType_tEPKNS2_18ConnectionParams_tEPK17GapScanningParams
                0x000000000001ce9c       0xa8 ym/ble-nrf51822/source/ble-nrf51822.a(nRF5xGap.cpp.o)
                0x000000000001ce9c                nRF5xGap::connect(unsigned char const*, Gap::AddressType_t, Gap::ConnectionParams_t const*, GapScanningParams const*)
 .text._ZN8nRF5xGap25getPermittedTxPowerValuesEPPKaPj
                0x000000000001cf44       0x10 ym/ble-nrf51822/source/ble-nrf51822.a(nRF5xGap.cpp.o)
                0x000000000001cf44                nRF5xGap::getPermittedTxPowerValues(signed char const**, unsigned int*)
 .text._ZN8nRF5xGap21initRadioNotificationEv
                0x000000000001cf54       0x1c ym/ble-nrf51822/source/ble-nrf51822.a(nRF5xGap.cpp.o)
                0x000000000001cf54                nRF5xGap::initRadioNotification()
 .text._ZN38CallChainOfFunctionPointersWithContextIPKN3Gap26ConnectionCallbackParams_tEED2Ev
                0x000000000001cf70       0x20 ym/ble-nrf51822/source/ble-nrf51822.a(nRF5xGap.cpp.o)
                0x000000000001cf70                CallChainOfFunctionPointersWithContext<Gap::ConnectionCallbackParams_t const*>::~CallChainOfFunctionPointersWithContext()
                0x000000000001cf70                CallChainOfFunctionPointersWithContext<Gap::ConnectionCallbackParams_t const*>::~CallChainOfFunctionPointersWithContext()
 .text._ZN38CallChainOfFunctionPointersWithContextIPKN3Gap29DisconnectionCallbackParams_tEED2Ev
                0x000000000001cf90       0x20 ym/ble-nrf51822/source/ble-nrf51822.a(nRF5xGap.cpp.o)
                0x000000000001cf90                CallChainOfFunctionPointersWithContext<Gap::DisconnectionCallbackParams_t const*>::~CallChainOfFunctionPointersWithContext()
                0x000000000001cf90                CallChainOfFunctionPointersWithContext<Gap::DisconnectionCallbackParams_t const*>::~CallChainOfFunctionPointersWithContext()
 .text._ZN8nRF5xGapD2Ev
                0x000000000001cfb0       0x20 ym/ble-nrf51822/source/ble-nrf51822.a(nRF5xGap.cpp.o)
                0x000000000001cfb0                nRF5xGap::~nRF5xGap()
                0x000000000001cfb0                nRF5xGap::~nRF5xGap()
 .text._ZN8nRF5xGap11getInstanceEv
                0x000000000001cfd0      0x104 ym/ble-nrf51822/source/ble-nrf51822.a(nRF5xGap.cpp.o)
                0x000000000001cfd0                nRF5xGap::getInstance()
 .text._ZN21nRF5xServiceDiscovery29launchCharacteristicDiscoveryEttt
                0x000000000001d0d4       0x4c ym/ble-nrf51822/source/ble-nrf51822.a(nRF5xServiceDiscovery.cpp.o)
                0x000000000001d0d4                nRF5xServiceDiscovery::launchCharacteristicDiscovery(unsigned short, unsigned short, unsigned short)
 .text._ZN21nRF5xServiceDiscovery24progressServiceDiscoveryEv
                0x000000000001d120       0xe4 ym/ble-nrf51822/source/ble-nrf51822.a(nRF5xServiceDiscovery.cpp.o)
                0x000000000001d120                nRF5xServiceDiscovery::progressServiceDiscovery()
 .text._ZN21nRF5xServiceDiscovery25ServiceUUIDDiscoveryQueue12triggerFirstEv
                0x000000000001d204       0x58 ym/ble-nrf51822/source/ble-nrf51822.a(nRF5xServiceDiscovery.cpp.o)
                0x000000000001d204                nRF5xServiceDiscovery::ServiceUUIDDiscoveryQueue::triggerFirst()
 .text._ZN21nRF5xServiceDiscovery22CharUUIDDiscoveryQueue12triggerFirstEv
                0x000000000001d25c       0x5c ym/ble-nrf51822/source/ble-nrf51822.a(nRF5xServiceDiscovery.cpp.o)
                0x000000000001d25c                nRF5xServiceDiscovery::CharUUIDDiscoveryQueue::triggerFirst()
 .text._ZN21nRF5xServiceDiscovery27processDiscoverUUIDResponseEPK41ble_gattc_evt_char_val_by_uuid_read_rsp_t
                0x000000000001d2b8       0xdc ym/ble-nrf51822/source/ble-nrf51822.a(nRF5xServiceDiscovery.cpp.o)
                0x000000000001d2b8                nRF5xServiceDiscovery::processDiscoverUUIDResponse(ble_gattc_evt_char_val_by_uuid_read_rsp_t const*)
 .text._ZN15nRF5xGattServer4readEtPhPt
                0x000000000001d394       0x1c ym/ble-nrf51822/source/ble-nrf51822.a(nRF5xGattServer.cpp.o)
                0x000000000001d394                nRF5xGattServer::read(unsigned short, unsigned char*, unsigned short*)
 .text._ZN15nRF5xGattServer5writeEtPKhtb
                0x000000000001d3b0       0x20 ym/ble-nrf51822/source/ble-nrf51822.a(nRF5xGattServer.cpp.o)
                0x000000000001d3b0                nRF5xGattServer::write(unsigned short, unsigned char const*, unsigned short, bool)
 .text._ZN38CallChainOfFunctionPointersWithContextIjED2Ev
                0x000000000001d3d0       0x20 ym/ble-nrf51822/source/ble-nrf51822.a(nRF5xGattServer.cpp.o)
                0x000000000001d3d0                CallChainOfFunctionPointersWithContext<unsigned int>::~CallChainOfFunctionPointersWithContext()
                0x000000000001d3d0                CallChainOfFunctionPointersWithContext<unsigned int>::~CallChainOfFunctionPointersWithContext()
 .text._ZN38CallChainOfFunctionPointersWithContextIPK23GattWriteCallbackParamsED2Ev
                0x000000000001d3f0       0x20 ym/ble-nrf51822/source/ble-nrf51822.a(nRF5xGattServer.cpp.o)
                0x000000000001d3f0                CallChainOfFunctionPointersWithContext<GattWriteCallbackParams const*>::~CallChainOfFunctionPointersWithContext()
                0x000000000001d3f0                CallChainOfFunctionPointersWithContext<GattWriteCallbackParams const*>::~CallChainOfFunctionPointersWithContext()
 .text._ZN38CallChainOfFunctionPointersWithContextIPK22GattReadCallbackParamsED2Ev
                0x000000000001d410       0x20 ym/ble-nrf51822/source/ble-nrf51822.a(nRF5xGattServer.cpp.o)
                0x000000000001d410                CallChainOfFunctionPointersWithContext<GattReadCallbackParams const*>::~CallChainOfFunctionPointersWithContext()
                0x000000000001d410                CallChainOfFunctionPointersWithContext<GattReadCallbackParams const*>::~CallChainOfFunctionPointersWithContext()
 .text._ZN15nRF5xGattServerD2Ev
                0x000000000001d430       0x28 ym/ble-nrf51822/source/ble-nrf51822.a(nRF5xGattServer.cpp.o)
                0x000000000001d430                nRF5xGattServer::~nRF5xGattServer()
                0x000000000001d430                nRF5xGattServer::~nRF5xGattServer()
 .text._ZN15nRF5xGattServer5writeEttPKhtb
                0x000000000001d458       0xe4 ym/ble-nrf51822/source/ble-nrf51822.a(nRF5xGattServer.cpp.o)
                0x000000000001d458                nRF5xGattServer::write(unsigned short, unsigned short, unsigned char const*, unsigned short, bool)
 .text._ZN15nRF5xGattServer10addServiceER11GattService
                0x000000000001d53c      0x1b4 ym/ble-nrf51822/source/ble-nrf51822.a(nRF5xGattServer.cpp.o)
                0x000000000001d53c                nRF5xGattServer::addService(GattService&)
 .text._ZN15nRF5xGattServer11getInstanceEv
                0x000000000001d6f0       0xbc ym/ble-nrf51822/source/ble-nrf51822.a(nRF5xGattServer.cpp.o)
                0x000000000001d6f0                nRF5xGattServer::getInstance()
 .text.intern_softdevice_events_execute
                0x000000000001d7ac       0xb0 ym/ble-nrf51822/source/ble-nrf51822.a(softdevice_handler.c.o)
                0x000000000001d7ac                intern_softdevice_events_execute
 .text.softdevice_handler_init
                0x000000000001d85c       0x48 ym/ble-nrf51822/source/ble-nrf51822.a(softdevice_handler.c.o)
                0x000000000001d85c                softdevice_handler_init
 .text.softdevice_handler_sd_disable
                0x000000000001d8a4       0x18 ym/ble-nrf51822/source/ble-nrf51822.a(softdevice_handler.c.o)
                0x000000000001d8a4                softdevice_handler_sd_disable
 .text.softdevice_ble_evt_handler_set
                0x000000000001d8bc       0x14 ym/ble-nrf51822/source/ble-nrf51822.a(softdevice_handler.c.o)
                0x000000000001d8bc                softdevice_ble_evt_handler_set
 .text.softdevice_sys_evt_handler_set
                0x000000000001d8d0       0x14 ym/ble-nrf51822/source/ble-nrf51822.a(softdevice_handler.c.o)
                0x000000000001d8d0                softdevice_sys_evt_handler_set
 .text.SWI2_IRQHandler
                0x000000000001d8e4       0x24 ym/ble-nrf51822/source/ble-nrf51822.a(softdevice_handler.c.o)
                0x000000000001d8e4                SWI2_IRQHandler
 .text.SWI1_IRQHandler
                0x000000000001d908       0x20 ym/ble-nrf51822/source/ble-nrf51822.a(ble_radio_notification.c.o)
                0x000000000001d908                SWI1_IRQHandler
 .text.ble_radio_notification_init
                0x000000000001d928       0x38 ym/ble-nrf51822/source/ble-nrf51822.a(ble_radio_notification.c.o)
                0x000000000001d928                ble_radio_notification_init
 .text.gatts_context_store
                0x000000000001d960       0xb8 ym/ble-nrf51822/source/ble-nrf51822.a(device_manager_peripheral.c.o)
 .text.device_context_store
                0x000000000001da18       0xb8 ym/ble-nrf51822/source/ble-nrf51822.a(device_manager_peripheral.c.o)
 .text.gatts_context_apply
                0x000000000001dad0       0xc4 ym/ble-nrf51822/source/ble-nrf51822.a(device_manager_peripheral.c.o)
 .text.gatts_context_load
                0x000000000001db94       0x34 ym/ble-nrf51822/source/ble-nrf51822.a(device_manager_peripheral.c.o)
 .text.dm_pstorage_cb_handler
                0x000000000001dbc8      0x134 ym/ble-nrf51822/source/ble-nrf51822.a(device_manager_peripheral.c.o)
 .text.peer_instance_init
                0x000000000001dcfc       0x44 ym/ble-nrf51822/source/ble-nrf51822.a(device_manager_peripheral.c.o)
 .text.device_instance_free
                0x000000000001dd40       0x2c ym/ble-nrf51822/source/ble-nrf51822.a(device_manager_peripheral.c.o)
 .text.dm_init  0x000000000001dd6c       0xe0 ym/ble-nrf51822/source/ble-nrf51822.a(device_manager_peripheral.c.o)
                0x000000000001dd6c                dm_init
 .text.dm_register
                0x000000000001de4c       0x74 ym/ble-nrf51822/source/ble-nrf51822.a(device_manager_peripheral.c.o)
                0x000000000001de4c                dm_register
 .text.dm_security_status_req
                0x000000000001dec0       0x70 ym/ble-nrf51822/source/ble-nrf51822.a(device_manager_peripheral.c.o)
                0x000000000001dec0                dm_security_status_req
 .text.dm_device_delete_all
                0x000000000001df30       0x58 ym/ble-nrf51822/source/ble-nrf51822.a(device_manager_peripheral.c.o)
                0x000000000001df30                dm_device_delete_all
 .text.bond_data_load
                0x000000000001df88       0x48 ym/ble-nrf51822/source/ble-nrf51822.a(device_manager_peripheral.c.o)
                0x000000000001df88                bond_data_load
 .text.dm_ble_evt_handler
                0x000000000001dfd0      0x384 ym/ble-nrf51822/source/ble-nrf51822.a(device_manager_peripheral.c.o)
                0x000000000001dfd0                dm_ble_evt_handler
 .text.dm_handle_get
                0x000000000001e354       0x48 ym/ble-nrf51822/source/ble-nrf51822.a(device_manager_peripheral.c.o)
                0x000000000001e354                dm_handle_get
 .text.app_notify
                0x000000000001e39c       0x30 ym/ble-nrf51822/source/ble-nrf51822.a(pstorage.c.o)
 .text.swap_state_process
                0x000000000001e3cc      0x1a4 ym/ble-nrf51822/source/ble-nrf51822.a(pstorage.c.o)
 .text.cmd_process
                0x000000000001e570      0x10c ym/ble-nrf51822/source/ble-nrf51822.a(pstorage.c.o)
 .text.cmd_queue_enqueue
                0x000000000001e67c       0x54 ym/ble-nrf51822/source/ble-nrf51822.a(pstorage.c.o)
 .text.cmd_queue_dequeue
                0x000000000001e6d0       0x20 ym/ble-nrf51822/source/ble-nrf51822.a(pstorage.c.o)
 .text.pstorage_sys_event_handler
                0x000000000001e6f0       0xec ym/ble-nrf51822/source/ble-nrf51822.a(pstorage.c.o)
                0x000000000001e6f0                pstorage_sys_event_handler
 .text.pstorage_init
                0x000000000001e7dc       0xc8 ym/ble-nrf51822/source/ble-nrf51822.a(pstorage.c.o)
                0x000000000001e7dc                pstorage_init
 .text.pstorage_register
                0x000000000001e8a4      0x138 ym/ble-nrf51822/source/ble-nrf51822.a(pstorage.c.o)
                0x000000000001e8a4                pstorage_register
 .text.pstorage_block_identifier_get
                0x000000000001e9dc       0x4c ym/ble-nrf51822/source/ble-nrf51822.a(pstorage.c.o)
                0x000000000001e9dc                pstorage_block_identifier_get
 .text.pstorage_store
                0x000000000001ea28       0x7c ym/ble-nrf51822/source/ble-nrf51822.a(pstorage.c.o)
                0x000000000001ea28                pstorage_store
 .text.pstorage_update
                0x000000000001eaa4       0x7c ym/ble-nrf51822/source/ble-nrf51822.a(pstorage.c.o)
                0x000000000001eaa4                pstorage_update
 .text.pstorage_load
                0x000000000001eb20       0xa0 ym/ble-nrf51822/source/ble-nrf51822.a(pstorage.c.o)
                0x000000000001eb20                pstorage_load
 .text.pstorage_clear
                0x000000000001ebc0       0x60 ym/ble-nrf51822/source/ble-nrf51822.a(pstorage.c.o)
                0x000000000001ebc0                pstorage_clear
 .text.custom_convert_to_nordic_uuid
                0x000000000001ec20       0xa4 ym/ble-nrf51822/source/ble-nrf51822.a(custom_helper.cpp.o)
                0x000000000001ec20                custom_convert_to_nordic_uuid
 .text._ZN17GapScanningParamsC2Etttb
                0x000000000001ecc4       0x6c ym/ble/source/ble.a(GapScanningParams.cpp.o)
                0x000000000001ecc4                GapScanningParams::GapScanningParams(unsigned short, unsigned short, unsigned short, bool)
                0x000000000001ecc4                GapScanningParams::GapScanningParams(unsigned short, unsigned short, unsigned short, bool)
 .text._ZN4mbed4util19FunctionPointerBindIvE4bindINS0_16FunctionPointer2IviPPcE10arg_structEEERS2_PKNS0_19FunctionPointerBaseIvE6ArgOpsEPT_PSB_z
                0x000000000001ed30       0x60 ym/mbed-drivers/source/mbed-drivers.a(retarget.cpp.o)
                0x000000000001ed30                mbed::util::FunctionPointerBind<void>& mbed::util::FunctionPointerBind<void>::bind<mbed::util::FunctionPointer2<void, int, char**>::arg_struct>(mbed::util::FunctionPointerBase<void>::ArgOps const*, mbed::util::FunctionPointer2<void, int, char**>::arg_struct*, mbed::util::FunctionPointerBase<void>*, ...)
 .text.startup.main
                0x000000000001ed90       0x80 ym/mbed-drivers/source/mbed-drivers.a(retarget.cpp.o)
                0x000000000001ed90                main
 .text._ZN5minar12CallbackNode13get_allocatorEv
                0x000000000001ee10       0x48 ym/minar/source/minar.a(minar.cpp.o)
                0x000000000001ee10                minar::CallbackNode::get_allocator()
 .text._ZN4mbed4util19FunctionPointerBindIvEC2ERKS2_
                0x000000000001ee58       0x54 ym/minar/source/minar.a(minar.cpp.o)
                0x000000000001ee58                mbed::util::FunctionPointerBind<void>::FunctionPointerBind(mbed::util::FunctionPointerBind<void> const&)
                0x000000000001ee58                mbed::util::FunctionPointerBind<void>::FunctionPointerBind(mbed::util::FunctionPointerBind<void> const&)
 .text._ZN5minar9Scheduler13CallbackAdderC2ERS0_N4mbed4util19FunctionPointerBindIvEE
                0x000000000001eeac       0x24 ym/minar/source/minar.a(minar.cpp.o)
                0x000000000001eeac                minar::Scheduler::CallbackAdder::CallbackAdder(minar::Scheduler&, mbed::util::FunctionPointerBind<void>)
                0x000000000001eeac                minar::Scheduler::CallbackAdder::CallbackAdder(minar::Scheduler&, mbed::util::FunctionPointerBind<void>)
 .text._ZNK4mbed4util10BinaryHeapIPN5minar12CallbackNodeENS2_13SchedulerData19CallbackNodeCompareEE8get_rootEv
                0x000000000001eed0       0x28 ym/minar/source/minar.a(minar.cpp.o)
                0x000000000001eed0                mbed::util::BinaryHeap<minar::CallbackNode*, minar::SchedulerData::CallbackNodeCompare>::get_root() const
 .text._ZN5minar13SchedulerDataC2Ev
                0x000000000001eef8       0x60 ym/minar/source/minar.a(minar.cpp.o)
                0x000000000001eef8                minar::SchedulerData::SchedulerData()
                0x000000000001eef8                minar::SchedulerData::SchedulerData()
 .text._ZN5minar9Scheduler8instanceEv
                0x000000000001ef58       0x38 ym/minar/source/minar.a(minar.cpp.o)
                0x000000000001ef58                minar::Scheduler::instance()
 .text._ZN5minar9Scheduler12postCallbackERKN4mbed4util19FunctionPointerBindIvEE
                0x000000000001ef90       0x34 ym/minar/source/minar.a(minar.cpp.o)
                0x000000000001ef90                minar::Scheduler::postCallback(mbed::util::FunctionPointerBind<void> const&)
 .text._ZN5minar13SchedulerData5startEv
                0x000000000001efc4      0x198 ym/minar/source/minar.a(minar.cpp.o)
                0x000000000001efc4                minar::SchedulerData::start()
 .text._ZN5minar9Scheduler5startEv
                0x000000000001f15c       0x18 ym/minar/source/minar.a(minar.cpp.o)
                0x000000000001f15c                minar::Scheduler::start()
 .text._ZN5minar13SchedulerData11postGenericEN4mbed4util19FunctionPointerBindIvEEmmm
                0x000000000001f174       0x58 ym/minar/source/minar.a(minar.cpp.o)
                0x000000000001f174                minar::SchedulerData::postGeneric(mbed::util::FunctionPointerBind<void>, unsigned long, unsigned long, unsigned long)
 .text.mbed_enter_sleep
                0x000000000001f1cc       0x20 ym/mbed-hal-nrf51822-mcu/existing/mbed-hal-nrf51822-mcu.a(sleep.c.o)
                0x000000000001f1cc                mbed_enter_sleep
 .text.rtc1_getCounter64
                0x000000000001f1ec       0x3c ym/mbed-hal-nrf51822-mcu/existing/mbed-hal-nrf51822-mcu.a(us_ticker.c.o)
 .text.RTC1_IRQHandler
                0x000000000001f228       0x8c ym/mbed-hal-nrf51822-mcu/existing/mbed-hal-nrf51822-mcu.a(us_ticker.c.o)
                0x000000000001f228                RTC1_IRQHandler
 .text.us_ticker_init
                0x000000000001f2b4       0x5c ym/mbed-hal-nrf51822-mcu/existing/mbed-hal-nrf51822-mcu.a(us_ticker.c.o)
                0x000000000001f2b4                us_ticker_init
 .text.us_ticker_read
                0x000000000001f310       0x2c ym/mbed-hal-nrf51822-mcu/existing/mbed-hal-nrf51822-mcu.a(us_ticker.c.o)
                0x000000000001f310                us_ticker_read
 .text.us_ticker_set_interrupt
                0x000000000001f33c       0xbc ym/mbed-hal-nrf51822-mcu/existing/mbed-hal-nrf51822-mcu.a(us_ticker.c.o)
                0x000000000001f33c                us_ticker_set_interrupt
 .text.us_ticker_disable_interrupt
                0x000000000001f3f8       0x28 ym/mbed-hal-nrf51822-mcu/existing/mbed-hal-nrf51822-mcu.a(us_ticker.c.o)
                0x000000000001f3f8                us_ticker_disable_interrupt
 .text.us_ticker_clear_interrupt
                0x000000000001f420       0x10 ym/mbed-hal-nrf51822-mcu/existing/mbed-hal-nrf51822-mcu.a(us_ticker.c.o)
                0x000000000001f420                us_ticker_clear_interrupt
 .text.gpio_init
                0x000000000001f430       0x30 ym/mbed-hal-nrf51822-mcu/existing/mbed-hal-nrf51822-mcu.a(gpio_api.c.o)
                0x000000000001f430                gpio_init
 .text.UART0_IRQHandler
                0x000000000001f460       0x4c ym/mbed-hal-nrf51822-mcu/existing/mbed-hal-nrf51822-mcu.a(serial_api.c.o)
                0x000000000001f460                UART0_IRQHandler
 .text.lp_ticker_get_compare_match
                0x000000000001f4ac       0x10 ym/mbed-hal-nrf51822-mcu/existing/mbed-hal-nrf51822-mcu.a(lp_ticker.c.o)
                0x000000000001f4ac                lp_ticker_get_compare_match
 .text.lp_ticker_sleep_until
                0x000000000001f4bc       0x2c ym/mbed-hal-nrf51822-mcu/existing/mbed-hal-nrf51822-mcu.a(lp_ticker.c.o)
                0x000000000001f4bc                lp_ticker_sleep_until
 .text.us_ticker_irq_handler
                0x000000000001f4e8       0x10 ym/mbed-drivers/source/mbed-drivers.a(us_ticker_api.c.o)
                0x000000000001f4e8                us_ticker_irq_handler
 .text.mbed_urealloc
                0x000000000001f4f8       0x30 ym/ualloc/source/ualloc.a(ualloc.c.o)
                0x000000000001f4f8                mbed_urealloc
 .text.mbed_ufree
                0x000000000001f528       0x20 ym/ualloc/source/ualloc.a(ualloc.c.o)
                0x000000000001f528                mbed_ufree
 .text.init_mparams
                0x000000000001f548       0x48 ym/dlmalloc/source/dlmalloc.a(dlmalloc.c.o)
 .text.init_top.constprop.16
                0x000000000001f590       0x38 ym/dlmalloc/source/dlmalloc.a(dlmalloc.c.o)
 .text.dispose_chunk.constprop.17
                0x000000000001f5c8      0x434 ym/dlmalloc/source/dlmalloc.a(dlmalloc.c.o)
 .text.try_realloc_chunk.isra.3.constprop.6
                0x000000000001f9fc      0x2b0 ym/dlmalloc/source/dlmalloc.a(dlmalloc.c.o)
 .text.segment_holding.constprop.18
                0x000000000001fcac       0x24 ym/dlmalloc/source/dlmalloc.a(dlmalloc.c.o)
 .text.dlmalloc
                0x000000000001fcd0      0xe7c ym/dlmalloc/source/dlmalloc.a(dlmalloc.c.o)
                0x000000000001fcd0                dlmalloc
 .text.dlfree   0x0000000000020b4c      0x46c ym/dlmalloc/source/dlmalloc.a(dlmalloc.c.o)
                0x0000000000020b4c                dlfree
 .text.SystemInit
                0x0000000000020fb8       0xb0 ym/cmsis-core-nrf51822/source/cmsis-core-nrf51822.a(system_nrf51.c.o)
                0x0000000000020fb8                SystemInit
 .text._ZSt15get_new_handlerv
                0x0000000000021068        0xc /usr/bin/../lib/gcc/arm-none-eabi/4.9.3/../../../../arm-none-eabi/lib/armv6-m/libstdc++_nano.a(new_handler.o)
                0x0000000000021068                std::get_new_handler()
 .text          0x0000000000021074       0x14 /usr/bin/../lib/gcc/arm-none-eabi/4.9.3/armv6-m/libgcc.a(_thumb1_case_uqi.o)
                0x0000000000021074                __gnu_thumb1_case_uqi
 .text          0x0000000000021088      0x120 /usr/bin/../lib/gcc/arm-none-eabi/4.9.3/armv6-m/libgcc.a(_udivsi3.o)
                0x0000000000021088                __udivsi3
                0x0000000000021088                __aeabi_uidiv
                0x0000000000021194                __aeabi_uidivmod
 .text          0x00000000000211a8        0x4 /usr/bin/../lib/gcc/arm-none-eabi/4.9.3/armv6-m/libgcc.a(_dvmd_tls.o)
                0x00000000000211a8                __aeabi_ldiv0
                0x00000000000211a8                __aeabi_idiv0
 .text          0x00000000000211ac       0x40 /usr/bin/../lib/gcc/arm-none-eabi/4.9.3/armv6-m/libgcc.a(_aeabi_uldivmod.o)
                0x00000000000211ac                __aeabi_uldivmod
 .text          0x00000000000211ec       0x54 /usr/bin/../lib/gcc/arm-none-eabi/4.9.3/armv6-m/libgcc.a(_muldi3.o)
                0x00000000000211ec                __aeabi_lmul
                0x00000000000211ec                __muldi3
 .text          0x0000000000021240       0x6c /usr/bin/../lib/gcc/arm-none-eabi/4.9.3/armv6-m/libgcc.a(bpabi.o)
                0x0000000000021240                __gnu_ldivmod_helper
                0x0000000000021278                __gnu_uldivmod_helper
 .text          0x00000000000212ac       0x3c /usr/bin/../lib/gcc/arm-none-eabi/4.9.3/armv6-m/libgcc.a(_clzsi2.o)
                0x00000000000212ac                __clzsi2
 .text          0x00000000000212e8      0x1f0 /usr/bin/../lib/gcc/arm-none-eabi/4.9.3/armv6-m/libgcc.a(_divdi3.o)
                0x00000000000212e8                __divdi3
 .text          0x00000000000214d8      0x158 /usr/bin/../lib/gcc/arm-none-eabi/4.9.3/armv6-m/libgcc.a(_udivdi3.o)
                0x00000000000214d8                __udivdi3
 .text          0x0000000000021630       0x18 /usr/bin/../lib/gcc/arm-none-eabi/4.9.3/armv6-m/libgcc.a(_clzdi2.o)
                0x0000000000021630                __clzdi2
 .text.__cxa_atexit
                0x0000000000021648       0x1c /usr/bin/../lib/gcc/arm-none-eabi/4.9.3/../../../../arm-none-eabi/lib/armv6-m/libc_nano.a(lib_a-cxa_atexit.o)
                0x0000000000021648                __cxa_atexit
 .text.__errno  0x0000000000021664        0xc /usr/bin/../lib/gcc/arm-none-eabi/4.9.3/../../../../arm-none-eabi/lib/armv6-m/libc_nano.a(lib_a-errno.o)
                0x0000000000021664                __errno
 .text.__libc_init_array
                0x0000000000021670       0x4c /usr/bin/../lib/gcc/arm-none-eabi/4.9.3/../../../../arm-none-eabi/lib/armv6-m/libc_nano.a(lib_a-init.o)
                0x0000000000021670                __libc_init_array
 .text.malloc   0x00000000000216bc       0x14 /usr/bin/../lib/gcc/arm-none-eabi/4.9.3/../../../../arm-none-eabi/lib/armv6-m/libc_nano.a(lib_a-malloc.o)
                0x00000000000216bc                malloc
 .text.free     0x00000000000216d0       0x14 /usr/bin/../lib/gcc/arm-none-eabi/4.9.3/../../../../arm-none-eabi/lib/armv6-m/libc_nano.a(lib_a-malloc.o)
                0x00000000000216d0                free
 .text.raise    0x00000000000216e4       0x14 /usr/bin/../lib/gcc/arm-none-eabi/4.9.3/../../../../arm-none-eabi/lib/armv6-m/libc_nano.a(lib_a-signal.o)
                0x00000000000216e4                raise
 .text._kill_r  0x00000000000216f8       0x24 /usr/bin/../lib/gcc/arm-none-eabi/4.9.3/../../../../arm-none-eabi/lib/armv6-m/libc_nano.a(lib_a-signalr.o)
                0x00000000000216f8                _kill_r
 .text.snprintf
                0x000000000002171c       0x68 /usr/bin/../lib/gcc/arm-none-eabi/4.9.3/../../../../arm-none-eabi/lib/armv6-m/libc_nano.a(lib_a-snprintf.o)
                0x000000000002171c                snprintf
                0x000000000002171c                sniprintf
 .text.__ssputs_r
                0x0000000000021784       0xc0 /usr/bin/../lib/gcc/arm-none-eabi/4.9.3/../../../../arm-none-eabi/lib/armv6-m/libc_nano.a(lib_a-nano-svfprintf.o)
                0x0000000000021784                __ssputs_r
 .text._svfprintf_r
                0x0000000000021844      0x1ec /usr/bin/../lib/gcc/arm-none-eabi/4.9.3/../../../../arm-none-eabi/lib/armv6-m/libc_nano.a(lib_a-nano-svfprintf.o)
                0x0000000000021844                _svfprintf_r
                0x0000000000021844                _svfiprintf_r
 .text._printf_i
                0x0000000000021a30      0x230 /usr/bin/../lib/gcc/arm-none-eabi/4.9.3/../../../../arm-none-eabi/lib/armv6-m/libc_nano.a(lib_a-nano-vfprintf_i.o)
                0x0000000000021a30                _printf_i
 .text.mbed_sbrk
                0x0000000000021c60       0x64 ym/core-util/source/core-util.a(sbrk.cpp.o)
                0x0000000000021c60                mbed_sbrk
 .text.mbed_krbs_ex
                0x0000000000021cc4       0x6c ym/core-util/source/core-util.a(sbrk.cpp.o)
                0x0000000000021cc4                mbed_krbs_ex
 .text._ZN4mbed4util19FunctionPointerBaseIvE17_null_constructorEPvSt9__va_list
                0x0000000000021d30        0x2 source/CMakeFiles/rowbot.dir/home/tomas/Tests/yotta/rowbot/rowbot/source/main.cpp.o
                0x0000000000021d30                mbed::util::FunctionPointerBase<void>::_null_constructor(void*, std::__va_list)
 .text._ZN4mbed4util19FunctionPointerBaseIvE15_null_copy_argsEPvS3_
                0x0000000000021d32        0x2 source/CMakeFiles/rowbot.dir/home/tomas/Tests/yotta/rowbot/rowbot/source/main.cpp.o
                0x0000000000021d32                mbed::util::FunctionPointerBase<void>::_null_copy_args(void*, void*)
 .text._ZN4mbed4util19FunctionPointerBaseIvE16_null_destructorEPv
                0x0000000000021d34        0x2 source/CMakeFiles/rowbot.dir/home/tomas/Tests/yotta/rowbot/rowbot/source/main.cpp.o
                0x0000000000021d34                mbed::util::FunctionPointerBase<void>::_null_destructor(void*)
 .text._ZN4mbed4util16FunctionPointer0IvE12staticcallerEPvPjS3_
                0x0000000000021d36        0x6 source/CMakeFiles/rowbot.dir/home/tomas/Tests/yotta/rowbot/rowbot/source/main.cpp.o
                0x0000000000021d36                mbed::util::FunctionPointer0<void>::staticcaller(void*, unsigned int*, void*)
 .text._ZN4mbed4util16FunctionPointer0IvED2Ev
                0x0000000000021d3c        0x2 source/CMakeFiles/rowbot.dir/home/tomas/Tests/yotta/rowbot/rowbot/source/main.cpp.o
                0x0000000000021d3c                mbed::util::FunctionPointer0<void>::~FunctionPointer0()
                0x0000000000021d3c                mbed::util::FunctionPointer0<void>::~FunctionPointer0()
 .text._ZN4mbed4util16FunctionPointer0IvED0Ev
                0x0000000000021d3e        0xc source/CMakeFiles/rowbot.dir/home/tomas/Tests/yotta/rowbot/rowbot/source/main.cpp.o
                0x0000000000021d3e                mbed::util::FunctionPointer0<void>::~FunctionPointer0()
 .text._ZN4mbed4util19FunctionPointerBindIvED0Ev
                0x0000000000021d4a       0x12 source/CMakeFiles/rowbot.dir/home/tomas/Tests/yotta/rowbot/rowbot/source/main.cpp.o
                0x0000000000021d4a                mbed::util::FunctionPointerBind<void>::~FunctionPointerBind()
 .text._ZN4mbed4util19FunctionPointerBaseIvE5clearEv
                0x0000000000021d5c       0x12 source/CMakeFiles/rowbot.dir/home/tomas/Tests/yotta/rowbot/rowbot/source/main.cpp.o
                0x0000000000021d5c                mbed::util::FunctionPointerBase<void>::clear()
 .text._ZN18GapAdvertisingData7addDataENS_10DataType_tEPKhh
                0x0000000000021d6e       0x3a source/CMakeFiles/rowbot.dir/home/tomas/Tests/yotta/rowbot/rowbot/source/main.cpp.o
                0x0000000000021d6e                GapAdvertisingData::addData(GapAdvertisingData::DataType_t, unsigned char const*, unsigned char)
 .text._ZN3Gap18setAdvertisingDataEv
                0x0000000000021da8       0x12 source/CMakeFiles/rowbot.dir/home/tomas/Tests/yotta/rowbot/rowbot/source/main.cpp.o
                0x0000000000021da8                Gap::setAdvertisingData()
 .text._ZN3Gap16startAdvertisingEv
                0x0000000000021dba       0x14 source/CMakeFiles/rowbot.dir/home/tomas/Tests/yotta/rowbot/rowbot/source/main.cpp.o
                0x0000000000021dba                Gap::startAdvertising()
 .text._ZN3Gap28accumulateAdvertisingPayloadEN18GapAdvertisingData10DataType_tEPKhh
                0x0000000000021dce       0x30 source/CMakeFiles/rowbot.dir/home/tomas/Tests/yotta/rowbot/rowbot/source/main.cpp.o
                0x0000000000021dce                Gap::accumulateAdvertisingPayload(GapAdvertisingData::DataType_t, unsigned char const*, unsigned char)
 .text._ZN4UUIDC2Et
                0x0000000000021dfe       0x1a source/CMakeFiles/rowbot.dir/home/tomas/Tests/yotta/rowbot/rowbot/source/main.cpp.o
                0x0000000000021dfe                UUID::UUID(unsigned short)
                0x0000000000021dfe                UUID::UUID(unsigned short)
 .text._Z21disconnectionCallbackPKN3Gap29DisconnectionCallbackParams_tE
                0x0000000000021e18       0x12 source/CMakeFiles/rowbot.dir/home/tomas/Tests/yotta/rowbot/rowbot/source/main.cpp.o
                0x0000000000021e18                disconnectionCallback(Gap::DisconnectionCallbackParams_t const*)
 .text._ZN31ReadOnlyArrayGattCharacteristicIfLj16EEC2ERK4UUIDPfhPP13GattAttributej
                0x0000000000021e2a       0x82 source/CMakeFiles/rowbot.dir/home/tomas/Tests/yotta/rowbot/rowbot/source/main.cpp.o
                0x0000000000021e2a                ReadOnlyArrayGattCharacteristic<float, 16u>::ReadOnlyArrayGattCharacteristic(UUID const&, float*, unsigned char, GattAttribute**, unsigned int)
                0x0000000000021e2a                ReadOnlyArrayGattCharacteristic<float, 16u>::ReadOnlyArrayGattCharacteristic(UUID const&, float*, unsigned char, GattAttribute**, unsigned int)
 .text._ZN3BLE4initEv
                0x0000000000021eac        0xc ym/ble/source/ble.a(BLE.cpp.o)
                0x0000000000021eac                BLE::init()
 .text._ZL18sd_ble_version_getP13ble_version_t
                0x0000000000021eb8        0x4 ym/ble-nrf51822/source/ble-nrf51822.a(nRF5xn.cpp.o)
 .text._ZL15sd_app_evt_waitv
                0x0000000000021ebc        0x4 ym/ble-nrf51822/source/ble-nrf51822.a(nRF5xn.cpp.o)
 .text._ZN6nRF5xnD2Ev
                0x0000000000021ec0        0x2 ym/ble-nrf51822/source/ble-nrf51822.a(nRF5xn.cpp.o)
                0x0000000000021ec0                nRF5xn::~nRF5xn()
                0x0000000000021ec0                nRF5xn::~nRF5xn()
 .text._ZN6nRF5xn12waitForEventEv
                0x0000000000021ec2        0x8 ym/ble-nrf51822/source/ble-nrf51822.a(nRF5xn.cpp.o)
                0x0000000000021ec2                nRF5xn::waitForEvent()
 .text._ZN6nRF5xnD0Ev
                0x0000000000021eca        0xc ym/ble-nrf51822/source/ble-nrf51822.a(nRF5xn.cpp.o)
                0x0000000000021eca                nRF5xn::~nRF5xn()
 .text._ZN6nRF5xn4initEv
                0x0000000000021ed6        0xa ym/ble-nrf51822/source/ble-nrf51822.a(nRF5xn.cpp.o)
                0x0000000000021ed6                nRF5xn::init()
 .text._ZN6nRF5xn8shutdownEv
                0x0000000000021ee0       0x10 ym/ble-nrf51822/source/ble-nrf51822.a(nRF5xn.cpp.o)
                0x0000000000021ee0                nRF5xn::shutdown()
 .text._ZNK6nRF5xn18getSecurityManagerEv
                0x0000000000021ef0        0x8 ym/ble-nrf51822/source/ble-nrf51822.a(nRF5xn.cpp.o)
                0x0000000000021ef0                nRF5xn::getSecurityManager() const
 .text._ZN6nRF5xn18getSecurityManagerEv
                0x0000000000021ef8        0x8 ym/ble-nrf51822/source/ble-nrf51822.a(nRF5xn.cpp.o)
                0x0000000000021ef8                nRF5xn::getSecurityManager()
 .text._ZN6nRF5xn13getGattClientEv
                0x0000000000021f00        0x8 ym/ble-nrf51822/source/ble-nrf51822.a(nRF5xn.cpp.o)
                0x0000000000021f00                nRF5xn::getGattClient()
 .text._ZNK6nRF5xn13getGattServerEv
                0x0000000000021f08        0x8 ym/ble-nrf51822/source/ble-nrf51822.a(nRF5xn.cpp.o)
                0x0000000000021f08                nRF5xn::getGattServer() const
 .text._ZN6nRF5xn13getGattServerEv
                0x0000000000021f10        0x8 ym/ble-nrf51822/source/ble-nrf51822.a(nRF5xn.cpp.o)
                0x0000000000021f10                nRF5xn::getGattServer()
 .text._ZNK6nRF5xn6getGapEv
                0x0000000000021f18        0x8 ym/ble-nrf51822/source/ble-nrf51822.a(nRF5xn.cpp.o)
                0x0000000000021f18                nRF5xn::getGap() const
 .text._ZN6nRF5xn6getGapEv
                0x0000000000021f20        0x8 ym/ble-nrf51822/source/ble-nrf51822.a(nRF5xn.cpp.o)
                0x0000000000021f20                nRF5xn::getGap()
 .text._ZN15SecurityManager24onSecuritySetupInitiatedEPFvtbbNS_24SecurityIOCapabilities_tEE
                0x0000000000021f28        0x4 ym/ble-nrf51822/source/ble-nrf51822.a(nRF5xSecurityManager.cpp.o)
                0x0000000000021f28                SecurityManager::onSecuritySetupInitiated(void (*)(unsigned short, bool, bool, SecurityManager::SecurityIOCapabilities_t))
 .text._ZN15SecurityManager24onSecuritySetupCompletedEPFvtNS_26SecurityCompletionStatus_tEE
                0x0000000000021f2c        0x4 ym/ble-nrf51822/source/ble-nrf51822.a(nRF5xSecurityManager.cpp.o)
                0x0000000000021f2c                SecurityManager::onSecuritySetupCompleted(void (*)(unsigned short, SecurityManager::SecurityCompletionStatus_t))
 .text._ZN15SecurityManager13onLinkSecuredEPFvtNS_14SecurityMode_tEE
                0x0000000000021f30        0x4 ym/ble-nrf51822/source/ble-nrf51822.a(nRF5xSecurityManager.cpp.o)
                0x0000000000021f30                SecurityManager::onLinkSecured(void (*)(unsigned short, SecurityManager::SecurityMode_t))
 .text._ZN15SecurityManager23onSecurityContextStoredEPFvtE
                0x0000000000021f34        0x4 ym/ble-nrf51822/source/ble-nrf51822.a(nRF5xSecurityManager.cpp.o)
                0x0000000000021f34                SecurityManager::onSecurityContextStored(void (*)(unsigned short))
 .text._ZN15SecurityManager16onPasskeyDisplayEPFvtPKhE
                0x0000000000021f38        0x4 ym/ble-nrf51822/source/ble-nrf51822.a(nRF5xSecurityManager.cpp.o)
                0x0000000000021f38                SecurityManager::onPasskeyDisplay(void (*)(unsigned short, unsigned char const*))
 .text._ZN20nRF5xSecurityManager20purgeAllBondingStateEv
                0x0000000000021f3c        0x8 ym/ble-nrf51822/source/ble-nrf51822.a(nRF5xSecurityManager.cpp.o)
                0x0000000000021f3c                nRF5xSecurityManager::purgeAllBondingState()
 .text._ZN20nRF5xSecurityManager15getLinkSecurityEtPN15SecurityManager20LinkSecurityStatus_tE
                0x0000000000021f44        0xc ym/ble-nrf51822/source/ble-nrf51822.a(nRF5xSecurityManager.cpp.o)
                0x0000000000021f44                nRF5xSecurityManager::getLinkSecurity(unsigned short, SecurityManager::LinkSecurityStatus_t*)
 .text._ZN20nRF5xSecurityManager4initEbbN15SecurityManager24SecurityIOCapabilities_tEPKh
                0x0000000000021f50       0x10 ym/ble-nrf51822/source/ble-nrf51822.a(nRF5xSecurityManager.cpp.o)
                0x0000000000021f50                nRF5xSecurityManager::init(bool, bool, SecurityManager::SecurityIOCapabilities_t, unsigned char const*)
 .text.sd_ble_gap_address_set
                0x0000000000021f60        0x4 ym/ble-nrf51822/source/ble-nrf51822.a(btle.cpp.o)
 .text.sd_ble_gap_address_get
                0x0000000000021f64        0x4 ym/ble-nrf51822/source/ble-nrf51822.a(btle.cpp.o)
 .text.sd_ble_enable
                0x0000000000021f68        0x4 ym/ble-nrf51822/source/ble-nrf51822.a(btle.cpp.o)
 .text._ZL16sys_evt_dispatchm
                0x0000000000021f6c        0x8 ym/ble-nrf51822/source/ble-nrf51822.a(btle.cpp.o)
 .text.assert_nrf_callback
                0x0000000000021f74        0x2 ym/ble-nrf51822/source/ble-nrf51822.a(btle.cpp.o)
                0x0000000000021f74                assert_nrf_callback
 .text._Z20bleGattcEventHandlerPK9ble_evt_t
                0x0000000000021f76       0xf6 ym/ble-nrf51822/source/ble-nrf51822.a(btle_discovery.cpp.o)
                0x0000000000021f76                bleGattcEventHandler(ble_evt_t const*)
 .text.sd_ble_opt_set
                0x000000000002206c        0x4 ym/ble-nrf51822/source/ble-nrf51822.a(btle_security.cpp.o)
 .text._ZN10GattClient16discoverServicesEtPFvPK17DiscoveredServiceEtt
                0x0000000000022070        0x4 ym/ble-nrf51822/source/ble-nrf51822.a(nRF5xGattClient.cpp.o)
                0x0000000000022070                GattClient::discoverServices(unsigned short, void (*)(DiscoveredService const*), unsigned short, unsigned short)
 .text._ZL38sd_ble_gattc_primary_services_discoverttPK10ble_uuid_t
                0x0000000000022074        0x4 ym/ble-nrf51822/source/ble-nrf51822.a(nRF5xGattClient.cpp.o)
 .text._ZL17sd_ble_gattc_readttt
                0x0000000000022078        0x4 ym/ble-nrf51822/source/ble-nrf51822.a(nRF5xGattClient.cpp.o)
 .text._ZL18sd_ble_gattc_writetPK24ble_gattc_write_params_t
                0x000000000002207c        0x4 ym/ble-nrf51822/source/ble-nrf51822.a(nRF5xGattClient.cpp.o)
 .text._ZNK21nRF5xServiceDiscovery8isActiveEv
                0x0000000000022080        0xc ym/ble-nrf51822/source/ble-nrf51822.a(nRF5xGattClient.cpp.o)
                0x0000000000022080                nRF5xServiceDiscovery::isActive() const
 .text._ZN21nRF5xServiceDiscovery13onTerminationEPFvtE
                0x000000000002208c        0x6 ym/ble-nrf51822/source/ble-nrf51822.a(nRF5xGattClient.cpp.o)
                0x000000000002208c                nRF5xServiceDiscovery::onTermination(void (*)(unsigned short))
 .text._ZN15nRF5xGattClient29onServiceDiscoveryTerminationEPFvtE
                0x0000000000022092        0x6 ym/ble-nrf51822/source/ble-nrf51822.a(nRF5xGattClient.cpp.o)
                0x0000000000022092                nRF5xGattClient::onServiceDiscoveryTermination(void (*)(unsigned short))
 .text._ZNK15nRF5xGattClient24isServiceDiscoveryActiveEv
                0x0000000000022098        0xc ym/ble-nrf51822/source/ble-nrf51822.a(nRF5xGattClient.cpp.o)
                0x0000000000022098                nRF5xGattClient::isServiceDiscoveryActive() const
 .text._ZNK15nRF5xGattClient4readEttt
                0x00000000000220a4       0x20 ym/ble-nrf51822/source/ble-nrf51822.a(nRF5xGattClient.cpp.o)
                0x00000000000220a4                nRF5xGattClient::read(unsigned short, unsigned short, unsigned short) const
 .text._ZN15nRF5xGattClient22launchServiceDiscoveryEtPFvPK17DiscoveredServiceEPFvPK24DiscoveredCharacteristicERK4UUIDSC_
                0x00000000000220c4       0x12 ym/ble-nrf51822/source/ble-nrf51822.a(nRF5xGattClient.cpp.o)
                0x00000000000220c4                nRF5xGattClient::launchServiceDiscovery(unsigned short, void (*)(DiscoveredService const*), void (*)(DiscoveredCharacteristic const*), UUID const&, UUID const&)
 .text._ZN10GattClient16discoverServicesEtPFvPK17DiscoveredServiceERK4UUID
                0x00000000000220d6       0x2e ym/ble-nrf51822/source/ble-nrf51822.a(nRF5xGattClient.cpp.o)
                0x00000000000220d6                GattClient::discoverServices(unsigned short, void (*)(DiscoveredService const*), UUID const&)
 .text._ZN21nRF5xServiceDiscovery25terminateServiceDiscoveryEv
                0x0000000000022104       0x24 ym/ble-nrf51822/source/ble-nrf51822.a(nRF5xGattClient.cpp.o)
                0x0000000000022104                nRF5xServiceDiscovery::terminateServiceDiscovery()
 .text._ZN21nRF5xServiceDiscovery9terminateEv
                0x0000000000022128        0x8 ym/ble-nrf51822/source/ble-nrf51822.a(nRF5xGattClient.cpp.o)
                0x0000000000022128                nRF5xServiceDiscovery::terminate()
 .text._ZN15nRF5xGattClient25terminateServiceDiscoveryEv
                0x0000000000022130        0xa ym/ble-nrf51822/source/ble-nrf51822.a(nRF5xGattClient.cpp.o)
                0x0000000000022130                nRF5xGattClient::terminateServiceDiscovery()
 .text._ZL23sd_ble_gap_tx_power_seta
                0x000000000002213a        0x4 ym/ble-nrf51822/source/ble-nrf51822.a(btle_gap.cpp.o)
 .text._ZL25sd_ble_gap_appearance_sett
                0x000000000002213e        0x4 ym/ble-nrf51822/source/ble-nrf51822.a(btle_gap.cpp.o)
 .text._ZL19sd_ble_gap_ppcp_setPK21ble_gap_conn_params_t
                0x0000000000022142        0x4 ym/ble-nrf51822/source/ble-nrf51822.a(btle_gap.cpp.o)
 .text._ZL26sd_ble_gap_device_name_setPK23ble_gap_conn_sec_mode_tPKht
                0x0000000000022146        0x4 ym/ble-nrf51822/source/ble-nrf51822.a(btle_gap.cpp.o)
 .text._ZL22sd_ble_gap_address_sethPK14ble_gap_addr_t
                0x000000000002214a        0x4 ym/ble-nrf51822/source/ble-nrf51822.a(nRF5xGap.cpp.o)
 .text._ZL22sd_ble_gap_address_getP14ble_gap_addr_t
                0x000000000002214e        0x4 ym/ble-nrf51822/source/ble-nrf51822.a(nRF5xGap.cpp.o)
 .text._ZL23sd_ble_gap_adv_data_setPKhhS0_h
                0x0000000000022152        0x4 ym/ble-nrf51822/source/ble-nrf51822.a(nRF5xGap.cpp.o)
 .text._ZL20sd_ble_gap_adv_startPK20ble_gap_adv_params_t
                0x0000000000022156        0x4 ym/ble-nrf51822/source/ble-nrf51822.a(nRF5xGap.cpp.o)
 .text._ZL19sd_ble_gap_adv_stopv
                0x000000000002215a        0x4 ym/ble-nrf51822/source/ble-nrf51822.a(nRF5xGap.cpp.o)
 .text._ZL28sd_ble_gap_conn_param_updatetPK21ble_gap_conn_params_t
                0x000000000002215e        0x4 ym/ble-nrf51822/source/ble-nrf51822.a(nRF5xGap.cpp.o)
 .text._ZL21sd_ble_gap_disconnectth
                0x0000000000022162        0x4 ym/ble-nrf51822/source/ble-nrf51822.a(nRF5xGap.cpp.o)
 .text._ZL23sd_ble_gap_tx_power_seta
                0x0000000000022166        0x4 ym/ble-nrf51822/source/ble-nrf51822.a(nRF5xGap.cpp.o)
 .text._ZL25sd_ble_gap_appearance_sett
                0x000000000002216a        0x4 ym/ble-nrf51822/source/ble-nrf51822.a(nRF5xGap.cpp.o)
 .text._ZL25sd_ble_gap_appearance_getPt
                0x000000000002216e        0x4 ym/ble-nrf51822/source/ble-nrf51822.a(nRF5xGap.cpp.o)
 .text._ZL19sd_ble_gap_ppcp_setPK21ble_gap_conn_params_t
                0x0000000000022172        0x4 ym/ble-nrf51822/source/ble-nrf51822.a(nRF5xGap.cpp.o)
 .text._ZL19sd_ble_gap_ppcp_getP21ble_gap_conn_params_t
                0x0000000000022176        0x4 ym/ble-nrf51822/source/ble-nrf51822.a(nRF5xGap.cpp.o)
 .text._ZL26sd_ble_gap_device_name_setPK23ble_gap_conn_sec_mode_tPKht
                0x000000000002217a        0x4 ym/ble-nrf51822/source/ble-nrf51822.a(nRF5xGap.cpp.o)
 .text._ZL26sd_ble_gap_device_name_getPhPt
                0x000000000002217e        0x4 ym/ble-nrf51822/source/ble-nrf51822.a(nRF5xGap.cpp.o)
 .text._ZL21sd_ble_gap_scan_startPK21ble_gap_scan_params_t
                0x0000000000022182        0x4 ym/ble-nrf51822/source/ble-nrf51822.a(nRF5xGap.cpp.o)
 .text._ZL20sd_ble_gap_scan_stopv
                0x0000000000022186        0x4 ym/ble-nrf51822/source/ble-nrf51822.a(nRF5xGap.cpp.o)
 .text._ZL18sd_ble_gap_connectPK14ble_gap_addr_tPK21ble_gap_scan_params_tPK21ble_gap_conn_params_t
                0x000000000002218a        0x4 ym/ble-nrf51822/source/ble-nrf51822.a(nRF5xGap.cpp.o)
 .text._ZN3Gap10setAddressENS_13AddressType_tEPKh
                0x000000000002218e        0x4 ym/ble-nrf51822/source/ble-nrf51822.a(nRF5xGap.cpp.o)
                0x000000000002218e                Gap::setAddress(Gap::AddressType_t, unsigned char const*)
 .text._ZN3Gap10getAddressEPNS_13AddressType_tEPh
                0x0000000000022192        0x4 ym/ble-nrf51822/source/ble-nrf51822.a(nRF5xGap.cpp.o)
                0x0000000000022192                Gap::getAddress(Gap::AddressType_t*, unsigned char*)
 .text._ZNK3Gap25getMinAdvertisingIntervalEv
                0x0000000000022196        0x4 ym/ble-nrf51822/source/ble-nrf51822.a(nRF5xGap.cpp.o)
                0x0000000000022196                Gap::getMinAdvertisingInterval() const
 .text._ZNK3Gap39getMinNonConnectableAdvertisingIntervalEv
                0x000000000002219a        0x4 ym/ble-nrf51822/source/ble-nrf51822.a(nRF5xGap.cpp.o)
                0x000000000002219a                Gap::getMinNonConnectableAdvertisingInterval() const
 .text._ZN3Gap15stopAdvertisingEv
                0x000000000002219e        0x4 ym/ble-nrf51822/source/ble-nrf51822.a(nRF5xGap.cpp.o)
                0x000000000002219e                Gap::stopAdvertising()
 .text._ZN3Gap8stopScanEv
                0x00000000000221a2        0x4 ym/ble-nrf51822/source/ble-nrf51822.a(nRF5xGap.cpp.o)
                0x00000000000221a2                Gap::stopScan()
 .text._ZN3Gap7connectEPKhNS_13AddressType_tEPKNS_18ConnectionParams_tEPK17GapScanningParams
                0x00000000000221a6        0x4 ym/ble-nrf51822/source/ble-nrf51822.a(nRF5xGap.cpp.o)
                0x00000000000221a6                Gap::connect(unsigned char const*, Gap::AddressType_t, Gap::ConnectionParams_t const*, GapScanningParams const*)
 .text._ZN3Gap10disconnectEtNS_21DisconnectionReason_tE
                0x00000000000221aa        0x4 ym/ble-nrf51822/source/ble-nrf51822.a(nRF5xGap.cpp.o)
                0x00000000000221aa                Gap::disconnect(unsigned short, Gap::DisconnectionReason_t)
 .text._ZN3Gap10disconnectENS_21DisconnectionReason_tE
                0x00000000000221ae        0x4 ym/ble-nrf51822/source/ble-nrf51822.a(nRF5xGap.cpp.o)
                0x00000000000221ae                Gap::disconnect(Gap::DisconnectionReason_t)
 .text._ZN3Gap28getPreferredConnectionParamsEPNS_18ConnectionParams_tE
                0x00000000000221b2        0x4 ym/ble-nrf51822/source/ble-nrf51822.a(nRF5xGap.cpp.o)
                0x00000000000221b2                Gap::getPreferredConnectionParams(Gap::ConnectionParams_t*)
 .text._ZN3Gap28setPreferredConnectionParamsEPKNS_18ConnectionParams_tE
                0x00000000000221b6        0x4 ym/ble-nrf51822/source/ble-nrf51822.a(nRF5xGap.cpp.o)
                0x00000000000221b6                Gap::setPreferredConnectionParams(Gap::ConnectionParams_t const*)
 .text._ZN3Gap22updateConnectionParamsEtPKNS_18ConnectionParams_tE
                0x00000000000221ba        0x4 ym/ble-nrf51822/source/ble-nrf51822.a(nRF5xGap.cpp.o)
                0x00000000000221ba                Gap::updateConnectionParams(unsigned short, Gap::ConnectionParams_t const*)
 .text._ZN3Gap13setDeviceNameEPKh
                0x00000000000221be        0x4 ym/ble-nrf51822/source/ble-nrf51822.a(nRF5xGap.cpp.o)
                0x00000000000221be                Gap::setDeviceName(unsigned char const*)
 .text._ZN3Gap13getDeviceNameEPhPj
                0x00000000000221c2        0x4 ym/ble-nrf51822/source/ble-nrf51822.a(nRF5xGap.cpp.o)
                0x00000000000221c2                Gap::getDeviceName(unsigned char*, unsigned int*)
 .text._ZN3Gap13setAppearanceEN18GapAdvertisingData12Appearance_tE
                0x00000000000221c6        0x4 ym/ble-nrf51822/source/ble-nrf51822.a(nRF5xGap.cpp.o)
                0x00000000000221c6                Gap::setAppearance(GapAdvertisingData::Appearance_t)
 .text._ZN3Gap13getAppearanceEPN18GapAdvertisingData12Appearance_tE
                0x00000000000221ca        0x4 ym/ble-nrf51822/source/ble-nrf51822.a(nRF5xGap.cpp.o)
                0x00000000000221ca                Gap::getAppearance(GapAdvertisingData::Appearance_t*)
 .text._ZN3Gap10setTxPowerEa
                0x00000000000221ce        0x4 ym/ble-nrf51822/source/ble-nrf51822.a(nRF5xGap.cpp.o)
                0x00000000000221ce                Gap::setTxPower(signed char)
 .text._ZN3Gap25getPermittedTxPowerValuesEPPKaPj
                0x00000000000221d2        0x6 ym/ble-nrf51822/source/ble-nrf51822.a(nRF5xGap.cpp.o)
                0x00000000000221d2                Gap::getPermittedTxPowerValues(signed char const**, unsigned int*)
 .text._ZN3Gap14startRadioScanERK17GapScanningParams
                0x00000000000221d8        0x4 ym/ble-nrf51822/source/ble-nrf51822.a(nRF5xGap.cpp.o)
                0x00000000000221d8                Gap::startRadioScan(GapScanningParams const&)
 .text._ZN3Gap21initRadioNotificationEv
                0x00000000000221dc        0x4 ym/ble-nrf51822/source/ble-nrf51822.a(nRF5xGap.cpp.o)
                0x00000000000221dc                Gap::initRadioNotification()
 .text._ZNK8nRF5xGap25getMinAdvertisingIntervalEv
                0x00000000000221e0        0x4 ym/ble-nrf51822/source/ble-nrf51822.a(nRF5xGap.cpp.o)
                0x00000000000221e0                nRF5xGap::getMinAdvertisingInterval() const
 .text._ZNK8nRF5xGap39getMinNonConnectableAdvertisingIntervalEv
                0x00000000000221e4        0x4 ym/ble-nrf51822/source/ble-nrf51822.a(nRF5xGap.cpp.o)
                0x00000000000221e4                nRF5xGap::getMinNonConnectableAdvertisingInterval() const
 .text._ZNK8nRF5xGap25getMaxAdvertisingIntervalEv
                0x00000000000221e8        0x6 ym/ble-nrf51822/source/ble-nrf51822.a(nRF5xGap.cpp.o)
                0x00000000000221e8                nRF5xGap::getMaxAdvertisingInterval() const
 .text._ZN8nRF5xGap14startRadioScanERK17GapScanningParams
                0x00000000000221ee       0x3a ym/ble-nrf51822/source/ble-nrf51822.a(nRF5xGap.cpp.o)
                0x00000000000221ee                nRF5xGap::startRadioScan(GapScanningParams const&)
 .text._ZN8nRF5xGap8stopScanEv
                0x0000000000022228       0x10 ym/ble-nrf51822/source/ble-nrf51822.a(nRF5xGap.cpp.o)
                0x0000000000022228                nRF5xGap::stopScan()
 .text._ZN8nRF5xGap15stopAdvertisingEv
                0x0000000000022238       0x20 ym/ble-nrf51822/source/ble-nrf51822.a(nRF5xGap.cpp.o)
                0x0000000000022238                nRF5xGap::stopAdvertising()
 .text._ZN8nRF5xGap10disconnectEtN3Gap21DisconnectionReason_tE
                0x0000000000022258       0x2c ym/ble-nrf51822/source/ble-nrf51822.a(nRF5xGap.cpp.o)
                0x0000000000022258                nRF5xGap::disconnect(unsigned short, Gap::DisconnectionReason_t)
 .text._ZN8nRF5xGap10disconnectEN3Gap21DisconnectionReason_tE
                0x0000000000022284       0x12 ym/ble-nrf51822/source/ble-nrf51822.a(nRF5xGap.cpp.o)
                0x0000000000022284                nRF5xGap::disconnect(Gap::DisconnectionReason_t)
 .text._ZN8nRF5xGap28getPreferredConnectionParamsEPN3Gap18ConnectionParams_tE
                0x0000000000022296       0x16 ym/ble-nrf51822/source/ble-nrf51822.a(nRF5xGap.cpp.o)
                0x0000000000022296                nRF5xGap::getPreferredConnectionParams(Gap::ConnectionParams_t*)
 .text._ZN8nRF5xGap28setPreferredConnectionParamsEPKN3Gap18ConnectionParams_tE
                0x00000000000222ac       0x16 ym/ble-nrf51822/source/ble-nrf51822.a(nRF5xGap.cpp.o)
                0x00000000000222ac                nRF5xGap::setPreferredConnectionParams(Gap::ConnectionParams_t const*)
 .text._ZN8nRF5xGap22updateConnectionParamsEtPKN3Gap18ConnectionParams_tE
                0x00000000000222c2       0x14 ym/ble-nrf51822/source/ble-nrf51822.a(nRF5xGap.cpp.o)
                0x00000000000222c2                nRF5xGap::updateConnectionParams(unsigned short, Gap::ConnectionParams_t const*)
 .text._ZN8nRF5xGap10getAddressEPN3Gap13AddressType_tEPh
                0x00000000000222d6       0x32 ym/ble-nrf51822/source/ble-nrf51822.a(nRF5xGap.cpp.o)
                0x00000000000222d6                nRF5xGap::getAddress(Gap::AddressType_t*, unsigned char*)
 .text._ZN8nRF5xGap13getDeviceNameEPhPj
                0x0000000000022308       0x14 ym/ble-nrf51822/source/ble-nrf51822.a(nRF5xGap.cpp.o)
                0x0000000000022308                nRF5xGap::getDeviceName(unsigned char*, unsigned int*)
 .text._ZN8nRF5xGap13setAppearanceEN18GapAdvertisingData12Appearance_tE
                0x000000000002231c       0x12 ym/ble-nrf51822/source/ble-nrf51822.a(nRF5xGap.cpp.o)
                0x000000000002231c                nRF5xGap::setAppearance(GapAdvertisingData::Appearance_t)
 .text._ZN8nRF5xGap13getAppearanceEPN18GapAdvertisingData12Appearance_tE
                0x000000000002232e       0x12 ym/ble-nrf51822/source/ble-nrf51822.a(nRF5xGap.cpp.o)
                0x000000000002232e                nRF5xGap::getAppearance(GapAdvertisingData::Appearance_t*)
 .text._ZN8nRF5xGap10setTxPowerEa
                0x0000000000022340       0x1a ym/ble-nrf51822/source/ble-nrf51822.a(nRF5xGap.cpp.o)
                0x0000000000022340                nRF5xGap::setTxPower(signed char)
 .text._ZN8nRF5xGap13setDeviceNameEPKh
                0x000000000002235a       0x24 ym/ble-nrf51822/source/ble-nrf51822.a(nRF5xGap.cpp.o)
                0x000000000002235a                nRF5xGap::setDeviceName(unsigned char const*)
 .text._ZN8nRF5xGap10setAddressEN3Gap13AddressType_tEPKh
                0x000000000002237e       0x2a ym/ble-nrf51822/source/ble-nrf51822.a(nRF5xGap.cpp.o)
                0x000000000002237e                nRF5xGap::setAddress(Gap::AddressType_t, unsigned char const*)
 .text._ZN8nRF5xGap18setAdvertisingDataERK18GapAdvertisingDataS2_
                0x00000000000223a8       0x2e ym/ble-nrf51822/source/ble-nrf51822.a(nRF5xGap.cpp.o)
                0x00000000000223a8                nRF5xGap::setAdvertisingData(GapAdvertisingData const&, GapAdvertisingData const&)
 .text._ZN38CallChainOfFunctionPointersWithContextIPKN3Gap26ConnectionCallbackParams_tEED0Ev
                0x00000000000223d6       0x12 ym/ble-nrf51822/source/ble-nrf51822.a(nRF5xGap.cpp.o)
                0x00000000000223d6                CallChainOfFunctionPointersWithContext<Gap::ConnectionCallbackParams_t const*>::~CallChainOfFunctionPointersWithContext()
 .text._ZN38CallChainOfFunctionPointersWithContextIPKN3Gap29DisconnectionCallbackParams_tEED0Ev
                0x00000000000223e8       0x12 ym/ble-nrf51822/source/ble-nrf51822.a(nRF5xGap.cpp.o)
                0x00000000000223e8                CallChainOfFunctionPointersWithContext<Gap::DisconnectionCallbackParams_t const*>::~CallChainOfFunctionPointersWithContext()
 .text._ZN18GapAdvertisingDataC2Ev
                0x00000000000223fa       0x1a ym/ble-nrf51822/source/ble-nrf51822.a(nRF5xGap.cpp.o)
                0x00000000000223fa                GapAdvertisingData::GapAdvertisingData()
                0x00000000000223fa                GapAdvertisingData::GapAdvertisingData()
 .text._ZN18GapAdvertisingData5clearEv
                0x0000000000022414       0x12 ym/ble-nrf51822/source/ble-nrf51822.a(nRF5xGap.cpp.o)
                0x0000000000022414                GapAdvertisingData::clear()
 .text._Z31radioNotificationStaticCallbackb
                0x0000000000022426       0x34 ym/ble-nrf51822/source/ble-nrf51822.a(nRF5xGap.cpp.o)
                0x0000000000022426                radioNotificationStaticCallback(bool)
 .text._ZN8nRF5xGap19setConnectionHandleEt
                0x000000000002245a        0x6 ym/ble-nrf51822/source/ble-nrf51822.a(nRF5xGap.cpp.o)
                0x000000000002245a                nRF5xGap::setConnectionHandle(unsigned short)
 .text._ZN8nRF5xGap19getConnectionHandleEv
                0x0000000000022460        0x6 ym/ble-nrf51822/source/ble-nrf51822.a(nRF5xGap.cpp.o)
                0x0000000000022460                nRF5xGap::getConnectionHandle()
 .text._ZL38sd_ble_gattc_primary_services_discoverttPK10ble_uuid_t
                0x0000000000022466        0x4 ym/ble-nrf51822/source/ble-nrf51822.a(nRF5xServiceDiscovery.cpp.o)
 .text._ZL37sd_ble_gattc_characteristics_discovertPK24ble_gattc_handle_range_t
                0x000000000002246a        0x4 ym/ble-nrf51822/source/ble-nrf51822.a(nRF5xServiceDiscovery.cpp.o)
 .text._ZL36sd_ble_gattc_char_value_by_uuid_readtPK10ble_uuid_tPK24ble_gattc_handle_range_t
                0x000000000002246e        0x4 ym/ble-nrf51822/source/ble-nrf51822.a(nRF5xServiceDiscovery.cpp.o)
 .text._ZNK4UUIDeqERKS_
                0x0000000000022472       0x3c ym/ble-nrf51822/source/ble-nrf51822.a(nRF5xServiceDiscovery.cpp.o)
                0x0000000000022472                UUID::operator==(UUID const&) const
 .text._ZN21nRF5xServiceDiscovery32terminateCharacteristicDiscoveryEv
                0x00000000000224ae       0x18 ym/ble-nrf51822/source/ble-nrf51822.a(nRF5xServiceDiscovery.cpp.o)
                0x00000000000224ae                nRF5xServiceDiscovery::terminateCharacteristicDiscovery()
 .text._ZN21nRF5xServiceDiscovery25ServiceUUIDDiscoveryQueue7dequeueEv
                0x00000000000224c6       0x24 ym/ble-nrf51822/source/ble-nrf51822.a(nRF5xServiceDiscovery.cpp.o)
                0x00000000000224c6                nRF5xServiceDiscovery::ServiceUUIDDiscoveryQueue::dequeue()
 .text._ZN21nRF5xServiceDiscovery22CharUUIDDiscoveryQueue7dequeueEv
                0x00000000000224ea       0x24 ym/ble-nrf51822/source/ble-nrf51822.a(nRF5xServiceDiscovery.cpp.o)
                0x00000000000224ea                nRF5xServiceDiscovery::CharUUIDDiscoveryQueue::dequeue()
 .text._ZN21nRF5xServiceDiscovery31progressCharacteristicDiscoveryEv
                0x000000000002250e       0xc2 ym/ble-nrf51822/source/ble-nrf51822.a(nRF5xServiceDiscovery.cpp.o)
                0x000000000002250e                nRF5xServiceDiscovery::progressCharacteristicDiscovery()
 .text._ZN21nRF5xServiceDiscovery23setupDiscoveredServicesEPK34ble_gattc_evt_prim_srvc_disc_rsp_t
                0x00000000000225d0       0xac ym/ble-nrf51822/source/ble-nrf51822.a(nRF5xServiceDiscovery.cpp.o)
                0x00000000000225d0                nRF5xServiceDiscovery::setupDiscoveredServices(ble_gattc_evt_prim_srvc_disc_rsp_t const*)
 .text._ZN21nRF5xServiceDiscovery30setupDiscoveredCharacteristicsEPK29ble_gattc_evt_char_disc_rsp_t
                0x000000000002267c       0xbe ym/ble-nrf51822/source/ble-nrf51822.a(nRF5xServiceDiscovery.cpp.o)
                0x000000000002267c                nRF5xServiceDiscovery::setupDiscoveredCharacteristics(ble_gattc_evt_char_disc_rsp_t const*)
 .text._ZL24sd_ble_gatts_service_addhPK10ble_uuid_tPt
                0x000000000002273a        0x4 ym/ble-nrf51822/source/ble-nrf51822.a(nRF5xGattServer.cpp.o)
 .text._ZL22sd_ble_gatts_value_setttP17ble_gatts_value_t
                0x000000000002273e        0x4 ym/ble-nrf51822/source/ble-nrf51822.a(nRF5xGattServer.cpp.o)
 .text._ZL22sd_ble_gatts_value_getttP17ble_gatts_value_t
                0x0000000000022742        0x4 ym/ble-nrf51822/source/ble-nrf51822.a(nRF5xGattServer.cpp.o)
 .text._ZL16sd_ble_gatts_hvxtPK22ble_gatts_hvx_params_t
                0x0000000000022746        0x4 ym/ble-nrf51822/source/ble-nrf51822.a(nRF5xGattServer.cpp.o)
 .text._ZL31sd_ble_gatts_rw_authorize_replytPK37ble_gatts_rw_authorize_reply_params_t
                0x000000000002274a        0x4 ym/ble-nrf51822/source/ble-nrf51822.a(nRF5xGattServer.cpp.o)
 .text._ZL25sd_ble_gatts_sys_attr_settPKhtm
                0x000000000002274e        0x4 ym/ble-nrf51822/source/ble-nrf51822.a(nRF5xGattServer.cpp.o)
 .text._ZN10GattServer10addServiceER11GattService
                0x0000000000022752        0x4 ym/ble-nrf51822/source/ble-nrf51822.a(nRF5xGattServer.cpp.o)
                0x0000000000022752                GattServer::addService(GattService&)
 .text._ZN10GattServer4readEtPhPt
                0x0000000000022756        0x4 ym/ble-nrf51822/source/ble-nrf51822.a(nRF5xGattServer.cpp.o)
                0x0000000000022756                GattServer::read(unsigned short, unsigned char*, unsigned short*)
 .text._ZN10GattServer4readEttPhPt
                0x000000000002275a        0x4 ym/ble-nrf51822/source/ble-nrf51822.a(nRF5xGattServer.cpp.o)
                0x000000000002275a                GattServer::read(unsigned short, unsigned short, unsigned char*, unsigned short*)
 .text._ZN10GattServer5writeEtPKhtb
                0x000000000002275e        0x4 ym/ble-nrf51822/source/ble-nrf51822.a(nRF5xGattServer.cpp.o)
                0x000000000002275e                GattServer::write(unsigned short, unsigned char const*, unsigned short, bool)
 .text._ZN10GattServer5writeEttPKhtb
                0x0000000000022762        0x4 ym/ble-nrf51822/source/ble-nrf51822.a(nRF5xGattServer.cpp.o)
                0x0000000000022762                GattServer::write(unsigned short, unsigned short, unsigned char const*, unsigned short, bool)
 .text._ZN10GattServer17areUpdatesEnabledERK18GattCharacteristicPb
                0x0000000000022766        0x4 ym/ble-nrf51822/source/ble-nrf51822.a(nRF5xGattServer.cpp.o)
                0x0000000000022766                GattServer::areUpdatesEnabled(GattCharacteristic const&, bool*)
 .text._ZN10GattServer17areUpdatesEnabledEtRK18GattCharacteristicPb
                0x000000000002276a        0x4 ym/ble-nrf51822/source/ble-nrf51822.a(nRF5xGattServer.cpp.o)
                0x000000000002276a                GattServer::areUpdatesEnabled(unsigned short, GattCharacteristic const&, bool*)
 .text._ZNK10GattServer21isOnDataReadAvailableEv
                0x000000000002276e        0x4 ym/ble-nrf51822/source/ble-nrf51822.a(nRF5xGattServer.cpp.o)
                0x000000000002276e                GattServer::isOnDataReadAvailable() const
 .text._ZN15nRF5xGattServer4readEttPhPt
                0x0000000000022772       0x2a ym/ble-nrf51822/source/ble-nrf51822.a(nRF5xGattServer.cpp.o)
                0x0000000000022772                nRF5xGattServer::read(unsigned short, unsigned short, unsigned char*, unsigned short*)
 .text._ZN15nRF5xGattServer17areUpdatesEnabledERK18GattCharacteristicPb
                0x000000000002279c       0x20 ym/ble-nrf51822/source/ble-nrf51822.a(nRF5xGattServer.cpp.o)
                0x000000000002279c                nRF5xGattServer::areUpdatesEnabled(GattCharacteristic const&, bool*)
 .text._ZN38CallChainOfFunctionPointersWithContextIjED0Ev
                0x00000000000227bc       0x12 ym/ble-nrf51822/source/ble-nrf51822.a(nRF5xGattServer.cpp.o)
                0x00000000000227bc                CallChainOfFunctionPointersWithContext<unsigned int>::~CallChainOfFunctionPointersWithContext()
 .text._ZN38CallChainOfFunctionPointersWithContextIPK23GattWriteCallbackParamsED0Ev
                0x00000000000227ce       0x12 ym/ble-nrf51822/source/ble-nrf51822.a(nRF5xGattServer.cpp.o)
                0x00000000000227ce                CallChainOfFunctionPointersWithContext<GattWriteCallbackParams const*>::~CallChainOfFunctionPointersWithContext()
 .text._ZN38CallChainOfFunctionPointersWithContextIPK22GattReadCallbackParamsED0Ev
                0x00000000000227e0       0x12 ym/ble-nrf51822/source/ble-nrf51822.a(nRF5xGattServer.cpp.o)
                0x00000000000227e0                CallChainOfFunctionPointersWithContext<GattReadCallbackParams const*>::~CallChainOfFunctionPointersWithContext()
 .text._ZN15nRF5xGattServer17areUpdatesEnabledEtRK18GattCharacteristicPb
                0x00000000000227f2       0x62 ym/ble-nrf51822/source/ble-nrf51822.a(nRF5xGattServer.cpp.o)
                0x00000000000227f2                nRF5xGattServer::areUpdatesEnabled(unsigned short, GattCharacteristic const&, bool*)
 .text._ZN10GattServer22handleDataWrittenEventEPK23GattWriteCallbackParams
                0x0000000000022854       0x30 ym/ble-nrf51822/source/ble-nrf51822.a(nRF5xGattServer.cpp.o)
                0x0000000000022854                GattServer::handleDataWrittenEvent(GattWriteCallbackParams const*)
 .text._ZN10GattServer11handleEventEN16GattServerEvents11gattEvent_eEt
                0x0000000000022884       0x24 ym/ble-nrf51822/source/ble-nrf51822.a(nRF5xGattServer.cpp.o)
                0x0000000000022884                GattServer::handleEvent(GattServerEvents::gattEvent_e, unsigned short)
 .text._ZN15nRF5xGattServer10hwCallbackEP9ble_evt_t
                0x00000000000228a8      0x292 ym/ble-nrf51822/source/ble-nrf51822.a(nRF5xGattServer.cpp.o)
                0x00000000000228a8                nRF5xGattServer::hwCallback(ble_evt_t*)
 .text.sd_nvic_EnableIRQ
                0x0000000000022b3a        0x4 ym/ble-nrf51822/source/ble-nrf51822.a(softdevice_handler.c.o)
 .text.sd_evt_get
                0x0000000000022b3e        0x4 ym/ble-nrf51822/source/ble-nrf51822.a(softdevice_handler.c.o)
 .text.sd_softdevice_enable
                0x0000000000022b42        0x4 ym/ble-nrf51822/source/ble-nrf51822.a(softdevice_handler.c.o)
 .text.sd_softdevice_disable
                0x0000000000022b46        0x4 ym/ble-nrf51822/source/ble-nrf51822.a(softdevice_handler.c.o)
 .text.sd_ble_evt_get
                0x0000000000022b4a        0x4 ym/ble-nrf51822/source/ble-nrf51822.a(softdevice_handler.c.o)
 .text.softdevice_assertion_handler
                0x0000000000022b4e        0xc ym/ble-nrf51822/source/ble-nrf51822.a(softdevice_handler.c.o)
                0x0000000000022b4e                softdevice_assertion_handler
 .text._ZN29nRF5xDiscoveredCharacteristic5setupEP15nRF5xGattClientt21ble_gatt_char_props_ttt
                0x0000000000022b5a       0x6c ym/ble-nrf51822/source/ble-nrf51822.a(nRF5xDiscoveredCharacteristic.cpp.o)
                0x0000000000022b5a                nRF5xDiscoveredCharacteristic::setup(nRF5xGattClient*, unsigned short, ble_gatt_char_props_t, unsigned short, unsigned short)
 .text._ZN29nRF5xDiscoveredCharacteristic5setupEP15nRF5xGattClienttt21ble_gatt_char_props_ttt
                0x0000000000022bc6       0xa0 ym/ble-nrf51822/source/ble-nrf51822.a(nRF5xDiscoveredCharacteristic.cpp.o)
                0x0000000000022bc6                nRF5xDiscoveredCharacteristic::setup(nRF5xGattClient*, unsigned short, unsigned short, ble_gatt_char_props_t, unsigned short, unsigned short)
 .text.sd_nvic_EnableIRQ
                0x0000000000022c66        0x4 ym/ble-nrf51822/source/ble-nrf51822.a(ble_radio_notification.c.o)
 .text.sd_nvic_ClearPendingIRQ
                0x0000000000022c6a        0x4 ym/ble-nrf51822/source/ble-nrf51822.a(ble_radio_notification.c.o)
 .text.sd_nvic_SetPriority
                0x0000000000022c6e        0x4 ym/ble-nrf51822/source/ble-nrf51822.a(ble_radio_notification.c.o)
 .text.sd_radio_notification_cfg_set
                0x0000000000022c72        0x4 ym/ble-nrf51822/source/ble-nrf51822.a(ble_radio_notification.c.o)
 .text.sd_ble_gap_sec_params_reply
                0x0000000000022c76        0x4 ym/ble-nrf51822/source/ble-nrf51822.a(device_manager_peripheral.c.o)
 .text.sd_ble_gap_sec_info_reply
                0x0000000000022c7a        0x4 ym/ble-nrf51822/source/ble-nrf51822.a(device_manager_peripheral.c.o)
 .text.sd_ble_gatts_service_changed
                0x0000000000022c7e        0x4 ym/ble-nrf51822/source/ble-nrf51822.a(device_manager_peripheral.c.o)
 .text.sd_ble_gatts_sys_attr_set
                0x0000000000022c82        0x4 ym/ble-nrf51822/source/ble-nrf51822.a(device_manager_peripheral.c.o)
 .text.sd_ble_gatts_sys_attr_get
                0x0000000000022c86        0x4 ym/ble-nrf51822/source/ble-nrf51822.a(device_manager_peripheral.c.o)
 .text.storage_operation_dummy_handler
                0x0000000000022c8a        0x4 ym/ble-nrf51822/source/ble-nrf51822.a(device_manager_peripheral.c.o)
 .text.no_service_context_store
                0x0000000000022c8e        0x4 ym/ble-nrf51822/source/ble-nrf51822.a(device_manager_peripheral.c.o)
 .text.gattc_context_store
                0x0000000000022c92        0x4 ym/ble-nrf51822/source/ble-nrf51822.a(device_manager_peripheral.c.o)
 .text.no_service_context_load
                0x0000000000022c96        0x4 ym/ble-nrf51822/source/ble-nrf51822.a(device_manager_peripheral.c.o)
 .text.gattc_context_load
                0x0000000000022c9a        0x4 ym/ble-nrf51822/source/ble-nrf51822.a(device_manager_peripheral.c.o)
 .text.no_service_context_apply
                0x0000000000022c9e        0x4 ym/ble-nrf51822/source/ble-nrf51822.a(device_manager_peripheral.c.o)
 .text.gattc_context_apply
                0x0000000000022ca2        0x4 ym/ble-nrf51822/source/ble-nrf51822.a(device_manager_peripheral.c.o)
 .text.gattsc_context_store
                0x0000000000022ca6        0x8 ym/ble-nrf51822/source/ble-nrf51822.a(device_manager_peripheral.c.o)
 .text.gattsc_context_apply
                0x0000000000022cae        0x8 ym/ble-nrf51822/source/ble-nrf51822.a(device_manager_peripheral.c.o)
 .text.gattsc_context_load
                0x0000000000022cb6        0x8 ym/ble-nrf51822/source/ble-nrf51822.a(device_manager_peripheral.c.o)
 .text.sd_flash_write
                0x0000000000022cbe        0x4 ym/ble-nrf51822/source/ble-nrf51822.a(pstorage.c.o)
 .text.sd_flash_page_erase
                0x0000000000022cc2        0x4 ym/ble-nrf51822/source/ble-nrf51822.a(pstorage.c.o)
 .text._ZL31sd_ble_gatts_characteristic_addtPK19ble_gatts_char_md_tPK16ble_gatts_attr_tP24ble_gatts_char_handles_t
                0x0000000000022cc6        0x4 ym/ble-nrf51822/source/ble-nrf51822.a(custom_helper.cpp.o)
 .text._ZL27sd_ble_gatts_descriptor_addtPK16ble_gatts_attr_tPt
                0x0000000000022cca        0x4 ym/ble-nrf51822/source/ble-nrf51822.a(custom_helper.cpp.o)
 .text._ZL18sd_ble_uuid_vs_addPK13ble_uuid128_tPh
                0x0000000000022cce        0x4 ym/ble-nrf51822/source/ble-nrf51822.a(custom_helper.cpp.o)
 .text.custom_add_uuid_base
                0x0000000000022cd2       0x30 ym/ble-nrf51822/source/ble-nrf51822.a(custom_helper.cpp.o)
                0x0000000000022cd2                custom_add_uuid_base
 .text.custom_add_in_characteristic
                0x0000000000022d02      0x15e ym/ble-nrf51822/source/ble-nrf51822.a(custom_helper.cpp.o)
                0x0000000000022d02                custom_add_in_characteristic
 .text.custom_add_in_descriptor
                0x0000000000022e60       0x58 ym/ble-nrf51822/source/ble-nrf51822.a(custom_helper.cpp.o)
                0x0000000000022e60                custom_add_in_descriptor
 .text.error    0x0000000000022eb8        0xa ym/mbed-drivers/source/mbed-drivers.a(error.c.o)
                0x0000000000022eb8                error
 .text._ZN4mbed4util16FunctionPointer2IviPPcE11constructorEPvSt9__va_list
                0x0000000000022ec2       0x10 ym/mbed-drivers/source/mbed-drivers.a(retarget.cpp.o)
                0x0000000000022ec2                mbed::util::FunctionPointer2<void, int, char**>::constructor(void*, std::__va_list)
 .text._ZN4mbed4util16FunctionPointer2IviPPcE16copy_constructorEPvS5_
                0x0000000000022ed2        0xe ym/mbed-drivers/source/mbed-drivers.a(retarget.cpp.o)
                0x0000000000022ed2                mbed::util::FunctionPointer2<void, int, char**>::copy_constructor(void*, void*)
 .text._ZN4mbed4util16FunctionPointer2IviPPcE10destructorEPv
                0x0000000000022ee0        0x2 ym/mbed-drivers/source/mbed-drivers.a(retarget.cpp.o)
                0x0000000000022ee0                mbed::util::FunctionPointer2<void, int, char**>::destructor(void*)
 .text._ZN4mbed4util16FunctionPointer2IviPPcE12staticcallerEPvPjS5_
                0x0000000000022ee2        0xa ym/mbed-drivers/source/mbed-drivers.a(retarget.cpp.o)
                0x0000000000022ee2                mbed::util::FunctionPointer2<void, int, char**>::staticcaller(void*, unsigned int*, void*)
 .text._ZN4mbed4util16FunctionPointer2IviPPcED2Ev
                0x0000000000022eec        0x2 ym/mbed-drivers/source/mbed-drivers.a(retarget.cpp.o)
                0x0000000000022eec                mbed::util::FunctionPointer2<void, int, char**>::~FunctionPointer2()
                0x0000000000022eec                mbed::util::FunctionPointer2<void, int, char**>::~FunctionPointer2()
 .text._ZN4mbed4util16FunctionPointer2IviPPcED0Ev
                0x0000000000022eee        0xc ym/mbed-drivers/source/mbed-drivers.a(retarget.cpp.o)
                0x0000000000022eee                mbed::util::FunctionPointer2<void, int, char**>::~FunctionPointer2()
 .text.__cxa_pure_virtual
                0x0000000000022efa        0x8 ym/mbed-drivers/source/mbed-drivers.a(retarget.cpp.o)
                0x0000000000022efa                __cxa_pure_virtual
 .text.__wrap_main
                0x0000000000022f02        0xc ym/mbed-drivers/source/mbed-drivers.a(retarget.cpp.o)
                0x0000000000022f02                __wrap_main
 .text._exit    0x0000000000022f0e        0x4 ym/mbed-drivers/source/mbed-drivers.a(retarget.cpp.o)
                0x0000000000022f0e                _exit
 .text._kill    0x0000000000022f12       0x10 ym/mbed-drivers/source/mbed-drivers.a(retarget.cpp.o)
                0x0000000000022f12                _kill
 .text._getpid  0x0000000000022f22        0x4 ym/mbed-drivers/source/mbed-drivers.a(retarget.cpp.o)
                0x0000000000022f22                _getpid
 .text.gpio_init_out_ex
                0x0000000000022f26       0x30 ym/mbed-drivers/source/mbed-drivers.a(gpio.c.o)
                0x0000000000022f26                gpio_init_out_ex
 .text.gpio_init_out
                0x0000000000022f56        0xa ym/mbed-drivers/source/mbed-drivers.a(gpio.c.o)
                0x0000000000022f56                gpio_init_out
 .text.exit     0x0000000000022f60        0xc ym/mbed-drivers/source/mbed-drivers.a(exit.c.o)
                0x0000000000022f60                exit
 .text.mbed_die
                0x0000000000022f6c       0x66 ym/mbed-drivers/source/mbed-drivers.a(board.c.o)
                0x0000000000022f6c                mbed_die
 .text.wait_us  0x0000000000022fd2       0x16 ym/mbed-drivers/source/mbed-drivers.a(wait_api.c.o)
                0x0000000000022fd2                wait_us
 .text.wait_ms  0x0000000000022fe8        0xe ym/mbed-drivers/source/mbed-drivers.a(wait_api.c.o)
                0x0000000000022fe8                wait_ms
 .text._ZL29sd_nvic_critical_region_enterPh
                0x0000000000022ff6        0x4 ym/minar/source/minar.a(minar.cpp.o)
 .text._ZL28sd_nvic_critical_region_exith
                0x0000000000022ffa        0x4 ym/minar/source/minar.a(minar.cpp.o)
 .text._ZN5minarL21smallestTimeIncrementEmmm
                0x0000000000022ffe       0x26 ym/minar/source/minar.a(minar.cpp.o)
 .text._ZN4mbed4util19CriticalSectionLockD2Ev
                0x0000000000023024        0xe ym/minar/source/minar.a(minar.cpp.o)
                0x0000000000023024                mbed::util::CriticalSectionLock::~CriticalSectionLock()
                0x0000000000023024                mbed::util::CriticalSectionLock::~CriticalSectionLock()
 .text._ZN5minar9Scheduler13CallbackAdder6periodEm
                0x0000000000023032        0x4 ym/minar/source/minar.a(minar.cpp.o)
                0x0000000000023032                minar::Scheduler::CallbackAdder::period(unsigned long)
 .text._ZNK5minar13SchedulerData19CallbackNodeCompareclERKPNS_12CallbackNodeES5_
                0x0000000000023036       0x1a ym/minar/source/minar.a(minar.cpp.o)
                0x0000000000023036                minar::SchedulerData::CallbackNodeCompare::operator()(minar::CallbackNode* const&, minar::CallbackNode* const&) const
 .text._ZN5minar12millisecondsEm
                0x0000000000023050       0x12 ym/minar/source/minar.a(minar.cpp.o)
                0x0000000000023050                minar::milliseconds(unsigned long)
 .text._ZNK4mbed4util5ArrayIPN5minar12CallbackNodeEE19get_element_addressEj
                0x0000000000023062       0x1a ym/minar/source/minar.a(minar.cpp.o)
                0x0000000000023062                mbed::util::Array<minar::CallbackNode*>::get_element_address(unsigned int) const
 .text._ZN4mbed4util10BinaryHeapIPN5minar12CallbackNodeENS2_13SchedulerData19CallbackNodeCompareEE5_swapEjj
                0x000000000002307c       0x34 ym/minar/source/minar.a(minar.cpp.o)
                0x000000000002307c                mbed::util::BinaryHeap<minar::CallbackNode*, minar::SchedulerData::CallbackNodeCompare>::_swap(unsigned int, unsigned int)
 .text._ZN4mbed4util5ArrayIPN5minar12CallbackNodeEE8pop_backEv
                0x00000000000230b0       0x28 ym/minar/source/minar.a(minar.cpp.o)
                0x00000000000230b0                mbed::util::Array<minar::CallbackNode*>::pop_back()
 .text._ZN4mbed4util10BinaryHeapIPN5minar12CallbackNodeENS2_13SchedulerData19CallbackNodeCompareEE15_propagate_downEj
                0x00000000000230d8       0xac ym/minar/source/minar.a(minar.cpp.o)
                0x00000000000230d8                mbed::util::BinaryHeap<minar::CallbackNode*, minar::SchedulerData::CallbackNodeCompare>::_propagate_down(unsigned int)
 .text._ZNK4mbed4util5ArrayIPN5minar12CallbackNodeEE16create_new_arrayEjjPNS5_10array_linkE
                0x0000000000023184       0x28 ym/minar/source/minar.a(minar.cpp.o)
                0x0000000000023184                mbed::util::Array<minar::CallbackNode*>::create_new_array(unsigned int, unsigned int, mbed::util::Array<minar::CallbackNode*>::array_link*) const
 .text._ZN5minar9SchedulerC2Ev
                0x00000000000231ac       0x16 ym/minar/source/minar.a(minar.cpp.o)
                0x00000000000231ac                minar::Scheduler::Scheduler()
                0x00000000000231ac                minar::Scheduler::Scheduler()
 .text._ZN4mbed4util10BinaryHeapIPN5minar12CallbackNodeENS2_13SchedulerData19CallbackNodeCompareEE6insertERKS4_
                0x00000000000231c2       0xce ym/minar/source/minar.a(minar.cpp.o)
                0x00000000000231c2                mbed::util::BinaryHeap<minar::CallbackNode*, minar::SchedulerData::CallbackNodeCompare>::insert(minar::CallbackNode* const&)
 .text._ZN5minar9Scheduler13CallbackAdder9getHandleEv
                0x0000000000023290       0x52 ym/minar/source/minar.a(minar.cpp.o)
                0x0000000000023290                minar::Scheduler::CallbackAdder::getHandle()
 .text._ZN5minar9Scheduler13CallbackAdderD2Ev
                0x00000000000232e2       0x12 ym/minar/source/minar.a(minar.cpp.o)
                0x00000000000232e2                minar::Scheduler::CallbackAdder::~CallbackAdder()
                0x00000000000232e2                minar::Scheduler::CallbackAdder::~CallbackAdder()
 .text._ZL29sd_nvic_critical_region_enterPh
                0x00000000000232f4        0x4 ym/core-util/source/core-util.a(ExtendablePoolAllocator.cpp.o)
 .text._ZL28sd_nvic_critical_region_exith
                0x00000000000232f8        0x4 ym/core-util/source/core-util.a(ExtendablePoolAllocator.cpp.o)
 .text._ZN4mbed4util23ExtendablePoolAllocatorC2Ev
                0x00000000000232fc        0x6 ym/core-util/source/core-util.a(ExtendablePoolAllocator.cpp.o)
                0x00000000000232fc                mbed::util::ExtendablePoolAllocator::ExtendablePoolAllocator()
                0x00000000000232fc                mbed::util::ExtendablePoolAllocator::ExtendablePoolAllocator()
 .text._ZN4mbed4util23ExtendablePoolAllocator4freeEPv